Launching lib\main.dart on Windows in debug mode...
Building Windows application...                                 
Building Windows application...                                    45,9s
√ Built build\windows\x64\runner\Debug\church.exe


🚀 Hi, flutter_inappwebview here, thank you for using it! If you like this plugin → 💙 Support development https://inappwebview.dev/donate ⭐ Star on GitHub https://github.com/pichillilorenzo/flutter_inappwebview 📱 Showcase your app https://inappwebview.dev/showcase

[initApplication +0:00:00.000510] starting
[initApplication +0:00:00.013442] flutter binding ready
![37;41;1mDEBUG TIME WARNING: The app is bundling PDFium WASM module (about 4MB) as a part of the app.[0m
[91mFor production use (not for Web/Debug), you'd better remove the PDFium WASM module.[0m
[91mSee https://github.com/espresso3389/pdfrx/tree/master/packages/pdfrx#note-for-building-release-builds for more details.[0m

[initApplication +0:00:00.323883] hydrated storage ready
[90m[🌎 Easy Localization] [DEBUG] Localization initialized[0m
[initApplication +0:00:00.334651] localization ready
[initApplication +0:00:00.641633] dependency injection ready
[initApplication +0:00:00.641851] using bundled app config
[initApplication +0:00:00.643749] done
[90m[🌎 Easy Localization] [DEBUG] Start[0m
[90m[🌎 Easy Localization] [DEBUG] Init state[0m
[32m[🌎 Easy Localization] [INFO] Saved locale loaded id_ID[0m
[90m[🌎 Easy Localization] [DEBUG] Build[0m
[90m[🌎 Easy Localization] [DEBUG] Init Localization Delegate[0m
[90m[🌎 Easy Localization] [DEBUG] Init provider[0m
[90m[🌎 Easy Localization] [DEBUG] Load Localization Delegate[0m
[90m[🌎 Easy Localization] [DEBUG] Build[0m
[90m[🌎 Easy Localization] [DEBUG] Init Localization Delegate[0m
[90m[🌎 Easy Localization] [DEBUG] Init provider[0m
[34m[🌎 Easy Localization] [WARNING] Localization key [Dashboard] not found[0m
[34m[🌎 Easy Localization] [WARNING] Localization key [Hymnal] not found[0m
[34m[🌎 Easy Localization] [WARNING] Localization key [Beliefs] not found[0m
[ERROR:flutter/shell/platform/common/accessibility_bridge.cc(114)] Failed to update ui::AXTree, error: 6 will not be in the tree and is not the new root
[34m[🌎 Easy Localization] [WARNING] Localization key [Dashboard] not found[0m
[34m[🌎 Easy Localization] [WARNING] Localization key [Hymnal] not found[0m
[34m[🌎 Easy Localization] [WARNING] Localization key [Beliefs] not found[0m
[ERROR:flutter/shell/platform/common/accessibility_bridge.cc(114)] Failed to update ui::AXTree, error: 5 will not be in the tree and is not the new root
Syncing files to device Windows...                              
[ERROR:flutter/shell/platform/common/accessibility_bridge.cc(114)] Failed to update ui::AXTree, error: 29 will not be in the tree and is not the new root
[34m[🌎 Easy Localization] [WARNING] Localization key [Dashboard] not found[0m
[ERROR:flutter/shell/platform/common/accessibility_bridge.cc(114)] Failed to update ui::AXTree, error: 28 will not be in the tree and is not the new root
[ERROR:flutter/shell/platform/common/accessibility_bridge.cc(114)] Failed to update ui::AXTree, error: 29 will not be in the tree and is not the new root
[ERROR:flutter/shell/platform/common/accessibility_bridge.cc(114)] Failed to update ui::AXTree, error: 29 will not be in the tree and is not the new root
[ERROR:flutter/shell/platform/common/accessibility_bridge.cc(114)] Failed to update ui::AXTree, error: 31 will not be in the tree and is not the new root
[ERROR:flutter/shell/platform/common/accessibility_bridge.cc(114)] Failed to update ui::AXTree, error: 31 will not be in the tree and is not the new root
[ERROR:flutter/shell/platform/common/accessibility_bridge.cc(114)] Failed to update ui::AXTree, error: 28 will not be in the tree and is not the new root
[ERROR:flutter/shell/platform/common/accessibility_bridge.cc(114)] Failed to update ui::AXTree, error: 11 will not be in the tree and is not the new root
[34m[🌎 Easy Localization] [WARNING] Localization key [Hymnal] not found[0m
[34m[🌎 Easy Localization] [WARNING] Localization key [Beliefs] not found[0m
[34m[🌎 Easy Localization] [WARNING] Localization key [Dashboard] not found[0m
[34m[🌎 Easy Localization] [WARNING] Localization key [Hymnal] not found[0m
[34m[🌎 Easy Localization] [WARNING] Localization key [Beliefs] not found[0m
[34m[🌎 Easy Localization] [WARNING] Localization key [Dashboard] not found[0m
[34m[🌎 Easy Localization] [WARNING] Localization key [Hymnal] not found[0m
[34m[🌎 Easy Localization] [WARNING] Localization key [Beliefs] not found[0m
[ERROR:flutter/shell/platform/common/accessibility_bridge.cc(114)] Failed to update ui::AXTree, error: 31 will not be in the tree and is not the new root
Syncing files to device Windows...                                 507ms

Flutter run key commands.
r Hot reload. 
R Hot restart.
h List all available interactive commands.
d Detach (terminate "flutter run" but leave application running).
c Clear the screen
q Quit (terminate the application on the device).

A Dart VM Service on Windows is available at: http://127.0.0.1:61971/DKIwpP1Bwvg=/
The Flutter DevTools debugger and profiler on Windows is available at: http://127.0.0.1:61971/DKIwpP1Bwvg=/devtools/?uri=ws://127.0.0.1:61971/DKIwpP1Bwvg=/ws
[ERROR:flutter/shell/platform/common/accessibility_bridge.cc(114)] Failed to update ui::AXTree, error: 72 will not be in the tree and is not the new root
[ERROR:flutter/shell/platform/common/accessibility_bridge.cc(114)] Failed to update ui::AXTree, error: 72 will not be in the tree and is not the new root
[ERROR:flutter/shell/platform/common/accessibility_bridge.cc(114)] Failed to update ui::AXTree, error: 7 will not be in the tree and is not the new root
[ERROR:flutter/shell/platform/common/accessibility_bridge.cc(114)] Failed to update ui::AXTree, error: 76 will not be in the tree and is not the new root
[ERROR:flutter/shell/platform/common/accessibility_bridge.cc(114)] Failed to update ui::AXTree, error: 76 will not be in the tree and is not the new root
[ERROR:flutter/shell/platform/common/accessibility_bridge.cc(114)] Failed to update ui::AXTree, error: 76 will not be in the tree and is not the new root
[ERROR:flutter/shell/platform/common/accessibility_bridge.cc(114)] Failed to update ui::AXTree, error: 76 will not be in the tree and is not the new root
[ERROR:flutter/shell/platform/common/accessibility_bridge.cc(114)] Failed to update ui::AXTree, error: 76 will not be in the tree and is not the new root
[ERROR:flutter/shell/platform/common/accessibility_bridge.cc(114)] Failed to update ui::AXTree, error: 76 will not be in the tree and is not the new root
[ERROR:flutter/shell/platform/common/accessibility_bridge.cc(114)] Failed to update ui::AXTree, error: 76 will not be in the tree and is not the new root
[ERROR:flutter/shell/platform/common/accessibility_bridge.cc(114)] Failed to update ui::AXTree, error: 76 will not be in the tree and is not the new root
[ERROR:flutter/shell/platform/common/accessibility_bridge.cc(114)] Failed to update ui::AXTree, error: 76 will not be in the tree and is not the new root
[ERROR:flutter/shell/platform/common/accessibility_bridge.cc(114)] Failed to update ui::AXTree, error: 76 will not be in the tree and is not the new root
[ERROR:flutter/shell/platform/common/accessibility_bridge.cc(114)] Failed to update ui::AXTree, error: 76 will not be in the tree and is not the new root
[ERROR:flutter/shell/platform/common/accessibility_bridge.cc(114)] Failed to update ui::AXTree, error: 76 will not be in the tree and is not the new root
[ERROR:flutter/shell/platform/common/accessibility_bridge.cc(114)] Failed to update ui::AXTree, error: 76 will not be in the tree and is not the new root
[34m[🌎 Easy Localization] [WARNING] Localization key [Dashboard] not found[0m
[34m[🌎 Easy Localization] [WARNING] Localization key [Hymnal] not found[0m
[34m[🌎 Easy Localization] [WARNING] Localization key [Beliefs] not found[0m
[34m[🌎 Easy Localization] [WARNING] Localization key [Kontrol Aplikasi Gereja] not found[0m
[ERROR:flutter/shell/platform/common/accessibility_bridge.cc(114)] Failed to update ui::AXTree, error: 76 will not be in the tree and is not the new root
[ERROR:flutter/shell/platform/common/accessibility_bridge.cc(114)] Failed to update ui::AXTree, error: 76 will not be in the tree and is not the new root
[ERROR:flutter/shell/platform/common/accessibility_bridge.cc(114)] Failed to update ui::AXTree, error: 7 will not be in the tree and is not the new root
[34m[🌎 Easy Localization] [WARNING] Localization key [Dashboard] not found[0m
[34m[🌎 Easy Localization] [WARNING] Localization key [Hymnal] not found[0m
[34m[🌎 Easy Localization] [WARNING] Localization key [Beliefs] not found[0m
[ERROR:flutter/shell/platform/common/accessibility_bridge.cc(114)] Failed to update ui::AXTree, error: 7 will not be in the tree and is not the new root
[ERROR:flutter/shell/platform/common/accessibility_bridge.cc(114)] Failed to update ui::AXTree, error: 7 will not be in the tree and is not the new root
[ERROR:flutter/shell/platform/common/accessibility_bridge.cc(114)] Failed to update ui::AXTree, error: 7 will not be in the tree and is not the new root
[ERROR:flutter/shell/platform/common/accessibility_bridge.cc(114)] Failed to update ui::AXTree, error: 7 will not be in the tree and is not the new root
[ERROR:flutter/shell/platform/common/accessibility_bridge.cc(114)] Failed to update ui::AXTree, error: 7 will not be in the tree and is not the new root
[ERROR:flutter/shell/platform/common/accessibility_bridge.cc(114)] Failed to update ui::AXTree, error: 7 will not be in the tree and is not the new root
[ERROR:flutter/shell/platform/common/accessibility_bridge.cc(114)] Failed to update ui::AXTree, error: 7 will not be in the tree and is not the new root
[ERROR:flutter/shell/platform/common/accessibility_bridge.cc(114)] Failed to update ui::AXTree, error: 7 will not be in the tree and is not the new root
[ERROR:flutter/shell/platform/common/accessibility_bridge.cc(114)] Failed to update ui::AXTree, error: 7 will not be in the tree and is not the new root
[ERROR:flutter/shell/platform/common/accessibility_bridge.cc(114)] Failed to update ui::AXTree, error: 7 will not be in the tree and is not the new root
[ERROR:flutter/shell/platform/common/accessibility_bridge.cc(114)] Failed to update ui::AXTree, error: 7 will not be in the tree and is not the new root
[ERROR:flutter/shell/platform/common/accessibility_bridge.cc(114)] Failed to update ui::AXTree, error: 7 will not be in the tree and is not the new root
[ERROR:flutter/shell/platform/common/accessibility_bridge.cc(114)] Failed to update ui::AXTree, error: 7 will not be in the tree and is not the new root
[ERROR:flutter/shell/platform/common/accessibility_bridge.cc(114)] Failed to update ui::AXTree, error: 7 will not be in the tree and is not the new root
[ERROR:flutter/shell/platform/common/accessibility_bridge.cc(114)] Failed to update ui::AXTree, error: 7 will not be in the tree and is not the new root
[ERROR:flutter/shell/platform/common/accessibility_bridge.cc(114)] Failed to update ui::AXTree, error: 7 will not be in the tree and is not the new root
[ERROR:flutter/shell/platform/common/accessibility_bridge.cc(114)] Failed to update ui::AXTree, error: 7 will not be in the tree and is not the new root
[ERROR:flutter/shell/platform/common/accessibility_bridge.cc(114)] Failed to update ui::AXTree, error: 7 will not be in the tree and is not the new root
[ERROR:flutter/shell/platform/common/accessibility_bridge.cc(114)] Failed to update ui::AXTree, error: 7 will not be in the tree and is not the new root
[ERROR:flutter/shell/platform/common/accessibility_bridge.cc(114)] Failed to update ui::AXTree, error: 7 will not be in the tree and is not the new root
[ERROR:flutter/shell/platform/common/accessibility_bridge.cc(114)] Failed to update ui::AXTree, error: 7 will not be in the tree and is not the new root
[ERROR:flutter/shell/platform/common/accessibility_bridge.cc(114)] Failed to update ui::AXTree, error: 7 will not be in the tree and is not the new root
[ERROR:flutter/shell/platform/common/accessibility_bridge.cc(114)] Failed to update ui::AXTree, error: 7 will not be in the tree and is not the new root
[ERROR:flutter/shell/platform/common/accessibility_bridge.cc(114)] Failed to update ui::AXTree, error: 7 will not be in the tree and is not the new root
[ERROR:flutter/shell/platform/common/accessibility_bridge.cc(114)] Failed to update ui::AXTree, error: 7 will not be in the tree and is not the new root
[ERROR:flutter/shell/platform/common/accessibility_bridge.cc(114)] Failed to update ui::AXTree, error: 7 will not be in the tree and is not the new root
[ERROR:flutter/shell/platform/common/accessibility_bridge.cc(114)] Failed to update ui::AXTree, error: 7 will not be in the tree and is not the new root
[ERROR:flutter/shell/platform/common/accessibility_bridge.cc(114)] Failed to update ui::AXTree, error: 7 will not be in the tree and is not the new root
[ERROR:flutter/shell/platform/common/accessibility_bridge.cc(114)] Failed to update ui::AXTree, error: 7 will not be in the tree and is not the new root
[ERROR:flutter/shell/platform/common/accessibility_bridge.cc(114)] Failed to update ui::AXTree, error: 7 will not be in the tree and is not the new root
[ERROR:flutter/shell/platform/common/accessibility_bridge.cc(114)] Failed to update ui::AXTree, error: 7 will not be in the tree and is not the new root
[ERROR:flutter/shell/platform/common/accessibility_bridge.cc(114)] Failed to update ui::AXTree, error: 7 will not be in the tree and is not the new root
[ERROR:flutter/shell/platform/common/accessibility_bridge.cc(114)] Failed to update ui::AXTree, error: 7 will not be in the tree and is not the new root
[ERROR:flutter/shell/platform/common/accessibility_bridge.cc(114)] Failed to update ui::AXTree, error: 7 will not be in the tree and is not the new root
[ERROR:flutter/shell/platform/common/accessibility_bridge.cc(114)] Failed to update ui::AXTree, error: 7 will not be in the tree and is not the new root
Performing hot reload...                                        
[90m[🌎 Easy Localization] [DEBUG] Build[0m
[90m[🌎 Easy Localization] [DEBUG] Init Localization Delegate[0m
[90m[🌎 Easy Localization] [DEBUG] Init provider[0m
[34m[🌎 Easy Localization] [WARNING] Localization key [Dashboard] not found[0m
[34m[🌎 Easy Localization] [WARNING] Localization key [Hymnal] not found[0m
[34m[🌎 Easy Localization] [WARNING] Localization key [Beliefs] not found[0m
[34m[🌎 Easy Localization] [WARNING] Localization key [Kontrol Aplikasi Gereja] not found[0m
Reloaded 87 of 4220 libraries in 2.381ms (compile: 780 ms, reload: 642 ms, reassemble: 428 ms).
[34m[🌎 Easy Localization] [WARNING] Localization key [Dashboard] not found[0m
[34m[🌎 Easy Localization] [WARNING] Localization key [Hymnal] not found[0m
[34m[🌎 Easy Localization] [WARNING] Localization key [Beliefs] not found[0m
[34m[🌎 Easy Localization] [WARNING] Localization key [Kontrol Aplikasi Gereja] not found[0m
[34m[🌎 Easy Localization] [WARNING] Localization key [Dashboard] not found[0m
[34m[🌎 Easy Localization] [WARNING] Localization key [Hymnal] not found[0m
[34m[🌎 Easy Localization] [WARNING] Localization key [Beliefs] not found[0m
[34m[🌎 Easy Localization] [WARNING] Localization key [Kontrol Aplikasi Gereja] not found[0m
[ERROR:flutter/shell/platform/common/accessibility_bridge.cc(114)] Failed to update ui::AXTree, error: 7 will not be in the tree and is not the new root
[ERROR:flutter/shell/platform/common/accessibility_bridge.cc(114)] Failed to update ui::AXTree, error: 7 will not be in the tree and is not the new root
[ERROR:flutter/shell/platform/common/accessibility_bridge.cc(114)] Failed to update ui::AXTree, error: 7 will not be in the tree and is not the new root
[ERROR:flutter/shell/platform/common/accessibility_bridge.cc(114)] Failed to update ui::AXTree, error: 7 will not be in the tree and is not the new root
[ERROR:flutter/shell/platform/common/accessibility_bridge.cc(114)] Failed to update ui::AXTree, error: 7 will not be in the tree and is not the new root
[ERROR:flutter/shell/platform/common/accessibility_bridge.cc(114)] Failed to update ui::AXTree, error: 7 will not be in the tree and is not the new root
[ERROR:flutter/shell/platform/common/accessibility_bridge.cc(114)] Failed to update ui::AXTree, error: 7 will not be in the tree and is not the new root
[ERROR:flutter/shell/platform/common/accessibility_bridge.cc(114)] Failed to update ui::AXTree, error: 7 will not be in the tree and is not the new root
[ERROR:flutter/shell/platform/common/accessibility_bridge.cc(114)] Failed to update ui::AXTree, error: 7 will not be in the tree and is not the new root
[ERROR:flutter/shell/platform/common/accessibility_bridge.cc(114)] Failed to update ui::AXTree, error: 7 will not be in the tree and is not the new root
[ERROR:flutter/shell/platform/common/accessibility_bridge.cc(114)] Failed to update ui::AXTree, error: 7 will not be in the tree and is not the new root
[ERROR:flutter/shell/platform/common/accessibility_bridge.cc(114)] Failed to update ui::AXTree, error: 7 will not be in the tree and is not the new root
[ERROR:flutter/shell/platform/common/accessibility_bridge.cc(114)] Failed to update ui::AXTree, error: 7 will not be in the tree and is not the new root
[ERROR:flutter/shell/platform/common/accessibility_bridge.cc(114)] Failed to update ui::AXTree, error: 7 will not be in the tree and is not the new root
[ERROR:flutter/shell/platform/common/accessibility_bridge.cc(114)] Failed to update ui::AXTree, error: 7 will not be in the tree and is not the new root
[ERROR:flutter/shell/platform/common/accessibility_bridge.cc(114)] Failed to update ui::AXTree, error: 7 will not be in the tree and is not the new root
[ERROR:flutter/shell/platform/common/accessibility_bridge.cc(114)] Failed to update ui::AXTree, error: 7 will not be in the tree and is not the new root
[ERROR:flutter/shell/platform/common/accessibility_bridge.cc(114)] Failed to update ui::AXTree, error: 7 will not be in the tree and is not the new root
[ERROR:flutter/shell/platform/common/accessibility_bridge.cc(114)] Failed to update ui::AXTree, error: 7 will not be in the tree and is not the new root
[ERROR:flutter/shell/platform/common/accessibility_bridge.cc(114)] Failed to update ui::AXTree, error: 7 will not be in the tree and is not the new root
[ERROR:flutter/shell/platform/common/accessibility_bridge.cc(114)] Failed to update ui::AXTree, error: 7 will not be in the tree and is not the new root
[ERROR:flutter/shell/platform/common/accessibility_bridge.cc(114)] Failed to update ui::AXTree, error: 7 will not be in the tree and is not the new root
[ERROR:flutter/shell/platform/common/accessibility_bridge.cc(114)] Failed to update ui::AXTree, error: 7 will not be in the tree and is not the new root
[ERROR:flutter/shell/platform/common/accessibility_bridge.cc(114)] Failed to update ui::AXTree, error: 7 will not be in the tree and is not the new root
[ERROR:flutter/shell/platform/common/accessibility_bridge.cc(114)] Failed to update ui::AXTree, error: 7 will not be in the tree and is not the new root
[ERROR:flutter/shell/platform/common/accessibility_bridge.cc(114)] Failed to update ui::AXTree, error: 7 will not be in the tree and is not the new root
[ERROR:flutter/shell/platform/common/accessibility_bridge.cc(114)] Failed to update ui::AXTree, error: 7 will not be in the tree and is not the new root
[ERROR:flutter/shell/platform/common/accessibility_bridge.cc(114)] Failed to update ui::AXTree, error: 7 will not be in the tree and is not the new root
[ERROR:flutter/shell/platform/common/accessibility_bridge.cc(114)] Failed to update ui::AXTree, error: 7 will not be in the tree and is not the new root
[ERROR:flutter/shell/platform/common/accessibility_bridge.cc(114)] Failed to update ui::AXTree, error: 7 will not be in the tree and is not the new root
[ERROR:flutter/shell/platform/common/accessibility_bridge.cc(114)] Failed to update ui::AXTree, error: 7 will not be in the tree and is not the new root
[ERROR:flutter/shell/platform/common/accessibility_bridge.cc(114)] Failed to update ui::AXTree, error: 7 will not be in the tree and is not the new root
[ERROR:flutter/shell/platform/common/accessibility_bridge.cc(114)] Failed to update ui::AXTree, error: 7 will not be in the tree and is not the new root
[ERROR:flutter/shell/platform/common/accessibility_bridge.cc(114)] Failed to update ui::AXTree, error: 7 will not be in the tree and is not the new root
[ERROR:flutter/shell/platform/common/accessibility_bridge.cc(114)] Failed to update ui::AXTree, error: 7 will not be in the tree and is not the new root
[ERROR:flutter/shell/platform/common/accessibility_bridge.cc(114)] Failed to update ui::AXTree, error: 7 will not be in the tree and is not the new root
[ERROR:flutter/shell/platform/common/accessibility_bridge.cc(114)] Failed to update ui::AXTree, error: 7 will not be in the tree and is not the new root
[ERROR:flutter/shell/platform/common/accessibility_bridge.cc(114)] Failed to update ui::AXTree, error: 7 will not be in the tree and is not the new root
[ERROR:flutter/shell/platform/common/accessibility_bridge.cc(114)] Failed to update ui::AXTree, error: 7 will not be in the tree and is not the new root
[ERROR:flutter/shell/platform/common/accessibility_bridge.cc(114)] Failed to update ui::AXTree, error: 7 will not be in the tree and is not the new root
[ERROR:flutter/shell/platform/common/accessibility_bridge.cc(114)] Failed to update ui::AXTree, error: 7 will not be in the tree and is not the new root
[ERROR:flutter/shell/platform/common/accessibility_bridge.cc(114)] Failed to update ui::AXTree, error: 7 will not be in the tree and is not the new root
[ERROR:flutter/shell/platform/common/accessibility_bridge.cc(114)] Failed to update ui::AXTree, error: 7 will not be in the tree and is not the new root
[ERROR:flutter/shell/platform/common/accessibility_bridge.cc(114)] Failed to update ui::AXTree, error: 7 will not be in the tree and is not the new root
[ERROR:flutter/shell/platform/common/accessibility_bridge.cc(114)] Failed to update ui::AXTree, error: 7 will not be in the tree and is not the new root
[ERROR:flutter/shell/platform/common/accessibility_bridge.cc(114)] Failed to update ui::AXTree, error: 7 will not be in the tree and is not the new root
[ERROR:flutter/shell/platform/common/accessibility_bridge.cc(114)] Failed to update ui::AXTree, error: 7 will not be in the tree and is not the new root
[ERROR:flutter/shell/platform/common/accessibility_bridge.cc(114)] Failed to update ui::AXTree, error: 7 will not be in the tree and is not the new root
[ERROR:flutter/shell/platform/common/accessibility_bridge.cc(114)] Failed to update ui::AXTree, error: 7 will not be in the tree and is not the new root
[ERROR:flutter/shell/platform/common/accessibility_bridge.cc(114)] Failed to update ui::AXTree, error: 7 will not be in the tree and is not the new root
[ERROR:flutter/shell/platform/common/accessibility_bridge.cc(114)] Failed to update ui::AXTree, error: 7 will not be in the tree and is not the new root
[ERROR:flutter/shell/platform/common/accessibility_bridge.cc(114)] Failed to update ui::AXTree, error: 7 will not be in the tree and is not the new root
[ERROR:flutter/shell/platform/common/accessibility_bridge.cc(114)] Failed to update ui::AXTree, error: 7 will not be in the tree and is not the new root
[ERROR:flutter/shell/platform/common/accessibility_bridge.cc(114)] Failed to update ui::AXTree, error: 7 will not be in the tree and is not the new root
[ERROR:flutter/shell/platform/common/accessibility_bridge.cc(114)] Failed to update ui::AXTree, error: 7 will not be in the tree and is not the new root
[ERROR:flutter/shell/platform/common/accessibility_bridge.cc(114)] Failed to update ui::AXTree, error: 7 will not be in the tree and is not the new root
[ERROR:flutter/shell/platform/common/accessibility_bridge.cc(114)] Failed to update ui::AXTree, error: 7 will not be in the tree and is not the new root
[ERROR:flutter/shell/platform/common/accessibility_bridge.cc(114)] Failed to update ui::AXTree, error: 7 will not be in the tree and is not the new root
[ERROR:flutter/shell/platform/common/accessibility_bridge.cc(114)] Failed to update ui::AXTree, error: 7 will not be in the tree and is not the new root
[ERROR:flutter/shell/platform/common/accessibility_bridge.cc(114)] Failed to update ui::AXTree, error: 7 will not be in the tree and is not the new root
[ERROR:flutter/shell/platform/common/accessibility_bridge.cc(114)] Failed to update ui::AXTree, error: 7 will not be in the tree and is not the new root
[ERROR:flutter/shell/platform/common/accessibility_bridge.cc(114)] Failed to update ui::AXTree, error: 7 will not be in the tree and is not the new root
[ERROR:flutter/shell/platform/common/accessibility_bridge.cc(114)] Failed to update ui::AXTree, error: 7 will not be in the tree and is not the new root
[ERROR:flutter/shell/platform/common/accessibility_bridge.cc(114)] Failed to update ui::AXTree, error: 7 will not be in the tree and is not the new root
[ERROR:flutter/shell/platform/common/accessibility_bridge.cc(114)] Failed to update ui::AXTree, error: 7 will not be in the tree and is not the new root
[ERROR:flutter/shell/platform/common/accessibility_bridge.cc(114)] Failed to update ui::AXTree, error: 7 will not be in the tree and is not the new root
[ERROR:flutter/shell/platform/common/accessibility_bridge.cc(114)] Failed to update ui::AXTree, error: 7 will not be in the tree and is not the new root
[ERROR:flutter/shell/platform/common/accessibility_bridge.cc(114)] Failed to update ui::AXTree, error: 7 will not be in the tree and is not the new root
[ERROR:flutter/shell/platform/common/accessibility_bridge.cc(114)] Failed to update ui::AXTree, error: 7 will not be in the tree and is not the new root
[ERROR:flutter/shell/platform/common/accessibility_bridge.cc(114)] Failed to update ui::AXTree, error: 7 will not be in the tree and is not the new root
[ERROR:flutter/shell/platform/common/accessibility_bridge.cc(114)] Failed to update ui::AXTree, error: 7 will not be in the tree and is not the new root
[ERROR:flutter/shell/platform/common/accessibility_bridge.cc(114)] Failed to update ui::AXTree, error: 7 will not be in the tree and is not the new root
[ERROR:flutter/shell/platform/common/accessibility_bridge.cc(114)] Failed to update ui::AXTree, error: 7 will not be in the tree and is not the new root
[ERROR:flutter/shell/platform/common/accessibility_bridge.cc(114)] Failed to update ui::AXTree, error: 7 will not be in the tree and is not the new root
[ERROR:flutter/shell/platform/common/accessibility_bridge.cc(114)] Failed to update ui::AXTree, error: 7 will not be in the tree and is not the new root
[ERROR:flutter/shell/platform/common/accessibility_bridge.cc(114)] Failed to update ui::AXTree, error: 7 will not be in the tree and is not the new root
[ERROR:flutter/shell/platform/common/accessibility_bridge.cc(114)] Failed to update ui::AXTree, error: 7 will not be in the tree and is not the new root
[ERROR:flutter/shell/platform/common/accessibility_bridge.cc(114)] Failed to update ui::AXTree, error: 7 will not be in the tree and is not the new root
[ERROR:flutter/shell/platform/common/accessibility_bridge.cc(114)] Failed to update ui::AXTree, error: 7 will not be in the tree and is not the new root
[ERROR:flutter/shell/platform/common/accessibility_bridge.cc(114)] Failed to update ui::AXTree, error: 7 will not be in the tree and is not the new root
[ERROR:flutter/shell/platform/common/accessibility_bridge.cc(114)] Failed to update ui::AXTree, error: 7 will not be in the tree and is not the new root
[ERROR:flutter/shell/platform/common/accessibility_bridge.cc(114)] Failed to update ui::AXTree, error: 7 will not be in the tree and is not the new root
[ERROR:flutter/shell/platform/common/accessibility_bridge.cc(114)] Failed to update ui::AXTree, error: 7 will not be in the tree and is not the new root
[ERROR:flutter/shell/platform/common/accessibility_bridge.cc(114)] Failed to update ui::AXTree, error: 7 will not be in the tree and is not the new root
[ERROR:flutter/shell/platform/common/accessibility_bridge.cc(114)] Failed to update ui::AXTree, error: 7 will not be in the tree and is not the new root
[ERROR:flutter/shell/platform/common/accessibility_bridge.cc(114)] Failed to update ui::AXTree, error: 7 will not be in the tree and is not the new root
[ERROR:flutter/shell/platform/common/accessibility_bridge.cc(114)] Failed to update ui::AXTree, error: 7 will not be in the tree and is not the new root
[ERROR:flutter/shell/platform/common/accessibility_bridge.cc(114)] Failed to update ui::AXTree, error: 7 will not be in the tree and is not the new root
[ERROR:flutter/shell/platform/common/accessibility_bridge.cc(114)] Failed to update ui::AXTree, error: 7 will not be in the tree and is not the new root
[ERROR:flutter/shell/platform/common/accessibility_bridge.cc(114)] Failed to update ui::AXTree, error: 7 will not be in the tree and is not the new root
[ERROR:flutter/shell/platform/common/accessibility_bridge.cc(114)] Failed to update ui::AXTree, error: 7 will not be in the tree and is not the new root
[ERROR:flutter/shell/platform/common/accessibility_bridge.cc(114)] Failed to update ui::AXTree, error: 7 will not be in the tree and is not the new root
[ERROR:flutter/shell/platform/common/accessibility_bridge.cc(114)] Failed to update ui::AXTree, error: 7 will not be in the tree and is not the new root
[ERROR:flutter/shell/platform/common/accessibility_bridge.cc(114)] Failed to update ui::AXTree, error: 7 will not be in the tree and is not the new root
[ERROR:flutter/shell/platform/common/accessibility_bridge.cc(114)] Failed to update ui::AXTree, error: 7 will not be in the tree and is not the new root
[ERROR:flutter/shell/platform/common/accessibility_bridge.cc(114)] Failed to update ui::AXTree, error: 7 will not be in the tree and is not the new root
[ERROR:flutter/shell/platform/common/accessibility_bridge.cc(114)] Failed to update ui::AXTree, error: 7 will not be in the tree and is not the new root
[ERROR:flutter/shell/platform/common/accessibility_bridge.cc(114)] Failed to update ui::AXTree, error: 7 will not be in the tree and is not the new root
[ERROR:flutter/shell/platform/common/accessibility_bridge.cc(114)] Failed to update ui::AXTree, error: 7 will not be in the tree and is not the new root
[ERROR:flutter/shell/platform/common/accessibility_bridge.cc(114)] Failed to update ui::AXTree, error: 7 will not be in the tree and is not the new root
[ERROR:flutter/shell/platform/common/accessibility_bridge.cc(114)] Failed to update ui::AXTree, error: 7 will not be in the tree and is not the new root
[ERROR:flutter/shell/platform/common/accessibility_bridge.cc(114)] Failed to update ui::AXTree, error: 7 will not be in the tree and is not the new root
[ERROR:flutter/shell/platform/common/accessibility_bridge.cc(114)] Failed to update ui::AXTree, error: 7 will not be in the tree and is not the new root
[ERROR:flutter/shell/platform/common/accessibility_bridge.cc(114)] Failed to update ui::AXTree, error: 7 will not be in the tree and is not the new root
[ERROR:flutter/shell/platform/common/accessibility_bridge.cc(114)] Failed to update ui::AXTree, error: 7 will not be in the tree and is not the new root
[ERROR:flutter/shell/platform/common/accessibility_bridge.cc(114)] Failed to update ui::AXTree, error: 7 will not be in the tree and is not the new root
[ERROR:flutter/shell/platform/common/accessibility_bridge.cc(114)] Failed to update ui::AXTree, error: 7 will not be in the tree and is not the new root
[ERROR:flutter/shell/platform/common/accessibility_bridge.cc(114)] Failed to update ui::AXTree, error: 7 will not be in the tree and is not the new root
[ERROR:flutter/shell/platform/common/accessibility_bridge.cc(114)] Failed to update ui::AXTree, error: 7 will not be in the tree and is not the new root
[ERROR:flutter/shell/platform/common/accessibility_bridge.cc(114)] Failed to update ui::AXTree, error: 7 will not be in the tree and is not the new root
[ERROR:flutter/shell/platform/common/accessibility_bridge.cc(114)] Failed to update ui::AXTree, error: 7 will not be in the tree and is not the new root
[ERROR:flutter/shell/platform/common/accessibility_bridge.cc(114)] Failed to update ui::AXTree, error: 7 will not be in the tree and is not the new root
[ERROR:flutter/shell/platform/common/accessibility_bridge.cc(114)] Failed to update ui::AXTree, error: 7 will not be in the tree and is not the new root
[ERROR:flutter/shell/platform/common/accessibility_bridge.cc(114)] Failed to update ui::AXTree, error: 7 will not be in the tree and is not the new root
[ERROR:flutter/shell/platform/common/accessibility_bridge.cc(114)] Failed to update ui::AXTree, error: 7 will not be in the tree and is not the new root
[ERROR:flutter/shell/platform/common/accessibility_bridge.cc(114)] Failed to update ui::AXTree, error: 7 will not be in the tree and is not the new root
[ERROR:flutter/shell/platform/common/accessibility_bridge.cc(114)] Failed to update ui::AXTree, error: 7 will not be in the tree and is not the new root
[ERROR:flutter/shell/platform/common/accessibility_bridge.cc(114)] Failed to update ui::AXTree, error: 7 will not be in the tree and is not the new root
[ERROR:flutter/shell/platform/common/accessibility_bridge.cc(114)] Failed to update ui::AXTree, error: 7 will not be in the tree and is not the new root
[ERROR:flutter/shell/platform/common/accessibility_bridge.cc(114)] Failed to update ui::AXTree, error: 7 will not be in the tree and is not the new root
[ERROR:flutter/shell/platform/common/accessibility_bridge.cc(114)] Failed to update ui::AXTree, error: 7 will not be in the tree and is not the new root
[ERROR:flutter/shell/platform/common/accessibility_bridge.cc(114)] Failed to update ui::AXTree, error: 7 will not be in the tree and is not the new root
[ERROR:flutter/shell/platform/common/accessibility_bridge.cc(114)] Failed to update ui::AXTree, error: 7 will not be in the tree and is not the new root
[ERROR:flutter/shell/platform/common/accessibility_bridge.cc(114)] Failed to update ui::AXTree, error: 7 will not be in the tree and is not the new root
[ERROR:flutter/shell/platform/common/accessibility_bridge.cc(114)] Failed to update ui::AXTree, error: 7 will not be in the tree and is not the new root
[ERROR:flutter/shell/platform/common/accessibility_bridge.cc(114)] Failed to update ui::AXTree, error: 7 will not be in the tree and is not the new root
[ERROR:flutter/shell/platform/common/accessibility_bridge.cc(114)] Failed to update ui::AXTree, error: 7 will not be in the tree and is not the new root
[ERROR:flutter/shell/platform/common/accessibility_bridge.cc(114)] Failed to update ui::AXTree, error: 7 will not be in the tree and is not the new root
[ERROR:flutter/shell/platform/common/accessibility_bridge.cc(114)] Failed to update ui::AXTree, error: 7 will not be in the tree and is not the new root
[ERROR:flutter/shell/platform/common/accessibility_bridge.cc(114)] Failed to update ui::AXTree, error: 7 will not be in the tree and is not the new root
[ERROR:flutter/shell/platform/common/accessibility_bridge.cc(114)] Failed to update ui::AXTree, error: 7 will not be in the tree and is not the new root
[ERROR:flutter/shell/platform/common/accessibility_bridge.cc(114)] Failed to update ui::AXTree, error: 7 will not be in the tree and is not the new root
[ERROR:flutter/shell/platform/common/accessibility_bridge.cc(114)] Failed to update ui::AXTree, error: 7 will not be in the tree and is not the new root
[ERROR:flutter/shell/platform/common/accessibility_bridge.cc(114)] Failed to update ui::AXTree, error: 7 will not be in the tree and is not the new root
[ERROR:flutter/shell/platform/common/accessibility_bridge.cc(114)] Failed to update ui::AXTree, error: 7 will not be in the tree and is not the new root
[ERROR:flutter/shell/platform/common/accessibility_bridge.cc(114)] Failed to update ui::AXTree, error: 7 will not be in the tree and is not the new root
[ERROR:flutter/shell/platform/common/accessibility_bridge.cc(114)] Failed to update ui::AXTree, error: 7 will not be in the tree and is not the new root
[ERROR:flutter/shell/platform/common/accessibility_bridge.cc(114)] Failed to update ui::AXTree, error: 7 will not be in the tree and is not the new root
[ERROR:flutter/shell/platform/common/accessibility_bridge.cc(114)] Failed to update ui::AXTree, error: 7 will not be in the tree and is not the new root
[ERROR:flutter/shell/platform/common/accessibility_bridge.cc(114)] Failed to update ui::AXTree, error: 7 will not be in the tree and is not the new root
[ERROR:flutter/shell/platform/common/accessibility_bridge.cc(114)] Failed to update ui::AXTree, error: 7 will not be in the tree and is not the new root
[ERROR:flutter/shell/platform/common/accessibility_bridge.cc(114)] Failed to update ui::AXTree, error: 7 will not be in the tree and is not the new root
[ERROR:flutter/shell/platform/common/accessibility_bridge.cc(114)] Failed to update ui::AXTree, error: 7 will not be in the tree and is not the new root
[ERROR:flutter/shell/platform/common/accessibility_bridge.cc(114)] Failed to update ui::AXTree, error: 7 will not be in the tree and is not the new root
[ERROR:flutter/shell/platform/common/accessibility_bridge.cc(114)] Failed to update ui::AXTree, error: 7 will not be in the tree and is not the new root
[ERROR:flutter/shell/platform/common/accessibility_bridge.cc(114)] Failed to update ui::AXTree, error: 7 will not be in the tree and is not the new root
[ERROR:flutter/shell/platform/common/accessibility_bridge.cc(114)] Failed to update ui::AXTree, error: 7 will not be in the tree and is not the new root
[ERROR:flutter/shell/platform/common/accessibility_bridge.cc(114)] Failed to update ui::AXTree, error: 7 will not be in the tree and is not the new root
[ERROR:flutter/shell/platform/common/accessibility_bridge.cc(114)] Failed to update ui::AXTree, error: 7 will not be in the tree and is not the new root
[ERROR:flutter/shell/platform/common/accessibility_bridge.cc(114)] Failed to update ui::AXTree, error: 7 will not be in the tree and is not the new root
[ERROR:flutter/shell/platform/common/accessibility_bridge.cc(114)] Failed to update ui::AXTree, error: 7 will not be in the tree and is not the new root
[ERROR:flutter/shell/platform/common/accessibility_bridge.cc(114)] Failed to update ui::AXTree, error: 7 will not be in the tree and is not the new root
[ERROR:flutter/shell/platform/common/accessibility_bridge.cc(114)] Failed to update ui::AXTree, error: 7 will not be in the tree and is not the new root
[ERROR:flutter/shell/platform/common/accessibility_bridge.cc(114)] Failed to update ui::AXTree, error: 7 will not be in the tree and is not the new root
[ERROR:flutter/shell/platform/common/accessibility_bridge.cc(114)] Failed to update ui::AXTree, error: 7 will not be in the tree and is not the new root
[ERROR:flutter/shell/platform/common/accessibility_bridge.cc(114)] Failed to update ui::AXTree, error: 7 will not be in the tree and is not the new root
[ERROR:flutter/shell/platform/common/accessibility_bridge.cc(114)] Failed to update ui::AXTree, error: 7 will not be in the tree and is not the new root
[ERROR:flutter/shell/platform/common/accessibility_bridge.cc(114)] Failed to update ui::AXTree, error: 7 will not be in the tree and is not the new root
[ERROR:flutter/shell/platform/common/accessibility_bridge.cc(114)] Failed to update ui::AXTree, error: 7 will not be in the tree and is not the new root
[ERROR:flutter/shell/platform/common/accessibility_bridge.cc(114)] Failed to update ui::AXTree, error: 7 will not be in the tree and is not the new root
[ERROR:flutter/shell/platform/common/accessibility_bridge.cc(114)] Failed to update ui::AXTree, error: 7 will not be in the tree and is not the new root
[ERROR:flutter/shell/platform/common/accessibility_bridge.cc(114)] Failed to update ui::AXTree, error: 7 will not be in the tree and is not the new root
[ERROR:flutter/shell/platform/common/accessibility_bridge.cc(114)] Failed to update ui::AXTree, error: 7 will not be in the tree and is not the new root
[ERROR:flutter/shell/platform/common/accessibility_bridge.cc(65)] Failed to update ui::AXTree, error: 7 will not be in the tree and is not the new root
[ERROR:flutter/shell/platform/common/accessibility_bridge.cc(114)] Failed to update ui::AXTree, error: 7 will not be in the tree and is not the new root
[34m[🌎 Easy Localization] [WARNING] Localization key [Dashboard] not found[0m
[34m[🌎 Easy Localization] [WARNING] Localization key [Hymnal] not found[0m
[34m[🌎 Easy Localization] [WARNING] Localization key [Beliefs] not found[0m
[ERROR:flutter/shell/platform/common/accessibility_bridge.cc(114)] Failed to update ui::AXTree, error: 7 will not be in the tree and is not the new root
[ERROR:flutter/shell/platform/common/accessibility_bridge.cc(65)] Failed to update ui::AXTree, error: 7 will not be in the tree and is not the new root
[ERROR:flutter/shell/platform/common/accessibility_bridge.cc(114)] Failed to update ui::AXTree, error: 167 will not be in the tree and is not the new root
[ERROR:flutter/shell/platform/common/accessibility_bridge.cc(114)] Failed to update ui::AXTree, error: 149 will not be in the tree and is not the new root
[ERROR:flutter/shell/platform/common/accessibility_bridge.cc(114)] Failed to update ui::AXTree, error: 149 will not be in the tree and is not the new root
[ERROR:flutter/shell/platform/common/accessibility_bridge.cc(114)] Failed to update ui::AXTree, error: 149 will not be in the tree and is not the new root
[ERROR:flutter/shell/platform/common/accessibility_bridge.cc(114)] Failed to update ui::AXTree, error: 149 will not be in the tree and is not the new root
[ERROR:flutter/shell/platform/common/accessibility_bridge.cc(114)] Failed to update ui::AXTree, error: 149 will not be in the tree and is not the new root
[ERROR:flutter/shell/platform/common/accessibility_bridge.cc(114)] Failed to update ui::AXTree, error: 149 will not be in the tree and is not the new root
[ERROR:flutter/shell/platform/common/accessibility_bridge.cc(114)] Failed to update ui::AXTree, error: 149 will not be in the tree and is not the new root
[ERROR:flutter/shell/platform/common/accessibility_bridge.cc(114)] Failed to update ui::AXTree, error: 149 will not be in the tree and is not the new root
[ERROR:flutter/shell/platform/common/accessibility_bridge.cc(114)] Failed to update ui::AXTree, error: 149 will not be in the tree and is not the new root
[ERROR:flutter/shell/platform/common/accessibility_bridge.cc(114)] Failed to update ui::AXTree, error: 149 will not be in the tree and is not the new root
[ERROR:flutter/shell/platform/common/accessibility_bridge.cc(114)] Failed to update ui::AXTree, error: 149 will not be in the tree and is not the new root
[ERROR:flutter/shell/platform/common/accessibility_bridge.cc(114)] Failed to update ui::AXTree, error: 149 will not be in the tree and is not the new root
[ERROR:flutter/shell/platform/common/accessibility_bridge.cc(114)] Failed to update ui::AXTree, error: 149 will not be in the tree and is not the new root
[ERROR:flutter/shell/platform/common/accessibility_bridge.cc(114)] Failed to update ui::AXTree, error: 149 will not be in the tree and is not the new root
[ERROR:flutter/shell/platform/common/accessibility_bridge.cc(114)] Failed to update ui::AXTree, error: 149 will not be in the tree and is not the new root
[ERROR:flutter/shell/platform/common/accessibility_bridge.cc(114)] Failed to update ui::AXTree, error: 149 will not be in the tree and is not the new root
[ERROR:flutter/shell/platform/common/accessibility_bridge.cc(114)] Failed to update ui::AXTree, error: 149 will not be in the tree and is not the new root
[ERROR:flutter/shell/platform/common/accessibility_bridge.cc(114)] Failed to update ui::AXTree, error: 149 will not be in the tree and is not the new root
[ERROR:flutter/shell/platform/common/accessibility_bridge.cc(114)] Failed to update ui::AXTree, error: 149 will not be in the tree and is not the new root
[ERROR:flutter/shell/platform/common/accessibility_bridge.cc(114)] Failed to update ui::AXTree, error: 149 will not be in the tree and is not the new root
[ERROR:flutter/shell/platform/common/accessibility_bridge.cc(114)] Failed to update ui::AXTree, error: 149 will not be in the tree and is not the new root
[ERROR:flutter/shell/platform/common/accessibility_bridge.cc(114)] Failed to update ui::AXTree, error: 149 will not be in the tree and is not the new root
[ERROR:flutter/shell/platform/common/accessibility_bridge.cc(114)] Failed to update ui::AXTree, error: 149 will not be in the tree and is not the new root
[ERROR:flutter/shell/platform/common/accessibility_bridge.cc(114)] Failed to update ui::AXTree, error: 149 will not be in the tree and is not the new root
[ERROR:flutter/shell/platform/common/accessibility_bridge.cc(114)] Failed to update ui::AXTree, error: 149 will not be in the tree and is not the new root
[ERROR:flutter/shell/platform/common/accessibility_bridge.cc(114)] Failed to update ui::AXTree, error: 149 will not be in the tree and is not the new root
[ERROR:flutter/shell/platform/common/accessibility_bridge.cc(114)] Failed to update ui::AXTree, error: 149 will not be in the tree and is not the new root
[ERROR:flutter/shell/platform/common/accessibility_bridge.cc(114)] Failed to update ui::AXTree, error: 149 will not be in the tree and is not the new root
[ERROR:flutter/shell/platform/common/accessibility_bridge.cc(114)] Failed to update ui::AXTree, error: 149 will not be in the tree and is not the new root
[ERROR:flutter/shell/platform/common/accessibility_bridge.cc(114)] Failed to update ui::AXTree, error: 149 will not be in the tree and is not the new root
[ERROR:flutter/shell/platform/common/accessibility_bridge.cc(114)] Failed to update ui::AXTree, error: 149 will not be in the tree and is not the new root
[ERROR:flutter/shell/platform/common/accessibility_bridge.cc(114)] Failed to update ui::AXTree, error: 149 will not be in the tree and is not the new root
[ERROR:flutter/shell/platform/common/accessibility_bridge.cc(114)] Failed to update ui::AXTree, error: 149 will not be in the tree and is not the new root
[ERROR:flutter/shell/platform/common/accessibility_bridge.cc(114)] Failed to update ui::AXTree, error: 149 will not be in the tree and is not the new root
[ERROR:flutter/shell/platform/common/accessibility_bridge.cc(114)] Failed to update ui::AXTree, error: 149 will not be in the tree and is not the new root
[ERROR:flutter/shell/platform/common/accessibility_bridge.cc(114)] Failed to update ui::AXTree, error: 149 will not be in the tree and is not the new root
[ERROR:flutter/shell/platform/common/accessibility_bridge.cc(114)] Failed to update ui::AXTree, error: 149 will not be in the tree and is not the new root
[ERROR:flutter/shell/platform/common/accessibility_bridge.cc(114)] Failed to update ui::AXTree, error: 149 will not be in the tree and is not the new root
[ERROR:flutter/shell/platform/common/accessibility_bridge.cc(114)] Failed to update ui::AXTree, error: 149 will not be in the tree and is not the new root
[ERROR:flutter/shell/platform/common/accessibility_bridge.cc(114)] Failed to update ui::AXTree, error: 149 will not be in the tree and is not the new root
[ERROR:flutter/shell/platform/common/accessibility_bridge.cc(114)] Failed to update ui::AXTree, error: 149 will not be in the tree and is not the new root
[ERROR:flutter/shell/platform/common/accessibility_bridge.cc(114)] Failed to update ui::AXTree, error: 149 will not be in the tree and is not the new root
[ERROR:flutter/shell/platform/common/accessibility_bridge.cc(114)] Failed to update ui::AXTree, error: 149 will not be in the tree and is not the new root
[ERROR:flutter/shell/platform/common/accessibility_bridge.cc(114)] Failed to update ui::AXTree, error: 149 will not be in the tree and is not the new root
[ERROR:flutter/shell/platform/common/accessibility_bridge.cc(114)] Failed to update ui::AXTree, error: 149 will not be in the tree and is not the new root
[ERROR:flutter/shell/platform/common/accessibility_bridge.cc(114)] Failed to update ui::AXTree, error: 149 will not be in the tree and is not the new root
[ERROR:flutter/shell/platform/common/accessibility_bridge.cc(114)] Failed to update ui::AXTree, error: 149 will not be in the tree and is not the new root
[ERROR:flutter/shell/platform/common/accessibility_bridge.cc(114)] Failed to update ui::AXTree, error: 149 will not be in the tree and is not the new root
[ERROR:flutter/shell/platform/common/accessibility_bridge.cc(114)] Failed to update ui::AXTree, error: 149 will not be in the tree and is not the new root
ScreenshotService: Successfully captured screenshot (190865 bytes).
[ERROR:flutter/shell/platform/common/accessibility_bridge.cc(114)] Failed to update ui::AXTree, error: 149 will not be in the tree and is not the new root
[ERROR:flutter/shell/platform/common/accessibility_bridge.cc(114)] Failed to update ui::AXTree, error: 149 will not be in the tree and is not the new root
[ERROR:flutter/shell/platform/common/accessibility_bridge.cc(114)] Failed to update ui::AXTree, error: 149 will not be in the tree and is not the new root
[ERROR:flutter/shell/platform/common/accessibility_bridge.cc(114)] Failed to update ui::AXTree, error: 149 will not be in the tree and is not the new root
[ERROR:flutter/shell/platform/common/accessibility_bridge.cc(114)] Failed to update ui::AXTree, error: 149 will not be in the tree and is not the new root
[ERROR:flutter/shell/platform/common/accessibility_bridge.cc(114)] Failed to update ui::AXTree, error: 149 will not be in the tree and is not the new root
[ERROR:flutter/shell/platform/common/accessibility_bridge.cc(114)] Failed to update ui::AXTree, error: 149 will not be in the tree and is not the new root
[ERROR:flutter/shell/platform/common/accessibility_bridge.cc(114)] Failed to update ui::AXTree, error: 149 will not be in the tree and is not the new root
[ERROR:flutter/shell/platform/common/accessibility_bridge.cc(114)] Failed to update ui::AXTree, error: 149 will not be in the tree and is not the new root
[ERROR:flutter/shell/platform/common/accessibility_bridge.cc(114)] Failed to update ui::AXTree, error: 149 will not be in the tree and is not the new root
[ERROR:flutter/shell/platform/common/accessibility_bridge.cc(114)] Failed to update ui::AXTree, error: 149 will not be in the tree and is not the new root
[ERROR:flutter/shell/platform/common/accessibility_bridge.cc(114)] Failed to update ui::AXTree, error: 149 will not be in the tree and is not the new root
[ERROR:flutter/shell/platform/common/accessibility_bridge.cc(114)] Failed to update ui::AXTree, error: 149 will not be in the tree and is not the new root
[ERROR:flutter/shell/platform/common/accessibility_bridge.cc(114)] Failed to update ui::AXTree, error: 149 will not be in the tree and is not the new root
[ERROR:flutter/shell/platform/common/accessibility_bridge.cc(114)] Failed to update ui::AXTree, error: 149 will not be in the tree and is not the new root
[ERROR:flutter/shell/platform/common/accessibility_bridge.cc(114)] Failed to update ui::AXTree, error: 149 will not be in the tree and is not the new root
[ERROR:flutter/shell/platform/common/accessibility_bridge.cc(114)] Failed to update ui::AXTree, error: 149 will not be in the tree and is not the new root
[ERROR:flutter/shell/platform/common/accessibility_bridge.cc(114)] Failed to update ui::AXTree, error: 149 will not be in the tree and is not the new root
[ERROR:flutter/shell/platform/common/accessibility_bridge.cc(114)] Failed to update ui::AXTree, error: 149 will not be in the tree and is not the new root
[ERROR:flutter/shell/platform/common/accessibility_bridge.cc(114)] Failed to update ui::AXTree, error: 149 will not be in the tree and is not the new root
[ERROR:flutter/shell/platform/common/accessibility_bridge.cc(114)] Failed to update ui::AXTree, error: 149 will not be in the tree and is not the new root
[ERROR:flutter/shell/platform/common/accessibility_bridge.cc(114)] Failed to update ui::AXTree, error: 149 will not be in the tree and is not the new root
[ERROR:flutter/shell/platform/common/accessibility_bridge.cc(114)] Failed to update ui::AXTree, error: 149 will not be in the tree and is not the new root
[ERROR:flutter/shell/platform/common/accessibility_bridge.cc(114)] Failed to update ui::AXTree, error: 149 will not be in the tree and is not the new root
[ERROR:flutter/shell/platform/common/accessibility_bridge.cc(114)] Failed to update ui::AXTree, error: 149 will not be in the tree and is not the new root
[ERROR:flutter/shell/platform/common/accessibility_bridge.cc(114)] Failed to update ui::AXTree, error: 149 will not be in the tree and is not the new root
[ERROR:flutter/shell/platform/common/accessibility_bridge.cc(114)] Failed to update ui::AXTree, error: 149 will not be in the tree and is not the new root
[ERROR:flutter/shell/platform/common/accessibility_bridge.cc(114)] Failed to update ui::AXTree, error: 149 will not be in the tree and is not the new root
[ERROR:flutter/shell/platform/common/accessibility_bridge.cc(114)] Failed to update ui::AXTree, error: 149 will not be in the tree and is not the new root
[ERROR:flutter/shell/platform/common/accessibility_bridge.cc(114)] Failed to update ui::AXTree, error: 149 will not be in the tree and is not the new root
[ERROR:flutter/shell/platform/common/accessibility_bridge.cc(114)] Failed to update ui::AXTree, error: 149 will not be in the tree and is not the new root
[ERROR:flutter/shell/platform/common/accessibility_bridge.cc(114)] Failed to update ui::AXTree, error: 149 will not be in the tree and is not the new root
[ERROR:flutter/shell/platform/common/accessibility_bridge.cc(114)] Failed to update ui::AXTree, error: 149 will not be in the tree and is not the new root
[ERROR:flutter/shell/platform/common/accessibility_bridge.cc(114)] Failed to update ui::AXTree, error: 149 will not be in the tree and is not the new root
[ERROR:flutter/shell/platform/common/accessibility_bridge.cc(114)] Failed to update ui::AXTree, error: 149 will not be in the tree and is not the new root
[ERROR:flutter/shell/platform/common/accessibility_bridge.cc(114)] Failed to update ui::AXTree, error: 149 will not be in the tree and is not the new root
[ERROR:flutter/shell/platform/common/accessibility_bridge.cc(114)] Failed to update ui::AXTree, error: 149 will not be in the tree and is not the new root
[ERROR:flutter/shell/platform/common/accessibility_bridge.cc(114)] Failed to update ui::AXTree, error: 149 will not be in the tree and is not the new root
[ERROR:flutter/shell/platform/common/accessibility_bridge.cc(114)] Failed to update ui::AXTree, error: 149 will not be in the tree and is not the new root
[ERROR:flutter/shell/platform/common/accessibility_bridge.cc(114)] Failed to update ui::AXTree, error: 149 will not be in the tree and is not the new root
[ERROR:flutter/shell/platform/common/accessibility_bridge.cc(114)] Failed to update ui::AXTree, error: 149 will not be in the tree and is not the new root
[ERROR:flutter/shell/platform/common/accessibility_bridge.cc(114)] Failed to update ui::AXTree, error: 149 will not be in the tree and is not the new root
[ERROR:flutter/shell/platform/common/accessibility_bridge.cc(114)] Failed to update ui::AXTree, error: 149 will not be in the tree and is not the new root
[ERROR:flutter/shell/platform/common/accessibility_bridge.cc(114)] Failed to update ui::AXTree, error: 149 will not be in the tree and is not the new root
[ERROR:flutter/shell/platform/common/accessibility_bridge.cc(114)] Failed to update ui::AXTree, error: 149 will not be in the tree and is not the new root
[ERROR:flutter/shell/platform/common/accessibility_bridge.cc(114)] Failed to update ui::AXTree, error: 149 will not be in the tree and is not the new root
[ERROR:flutter/shell/platform/common/accessibility_bridge.cc(114)] Failed to update ui::AXTree, error: 149 will not be in the tree and is not the new root
[ERROR:flutter/shell/platform/common/accessibility_bridge.cc(114)] Failed to update ui::AXTree, error: 149 will not be in the tree and is not the new root
[ERROR:flutter/shell/platform/common/accessibility_bridge.cc(114)] Failed to update ui::AXTree, error: 149 will not be in the tree and is not the new root
[ERROR:flutter/shell/platform/common/accessibility_bridge.cc(114)] Failed to update ui::AXTree, error: 149 will not be in the tree and is not the new root
[ERROR:flutter/shell/platform/common/accessibility_bridge.cc(114)] Failed to update ui::AXTree, error: 149 will not be in the tree and is not the new root
[ERROR:flutter/shell/platform/common/accessibility_bridge.cc(114)] Failed to update ui::AXTree, error: 149 will not be in the tree and is not the new root
[ERROR:flutter/shell/platform/common/accessibility_bridge.cc(114)] Failed to update ui::AXTree, error: 149 will not be in the tree and is not the new root
[ERROR:flutter/shell/platform/common/accessibility_bridge.cc(114)] Failed to update ui::AXTree, error: 149 will not be in the tree and is not the new root
[ERROR:flutter/shell/platform/common/accessibility_bridge.cc(114)] Failed to update ui::AXTree, error: 149 will not be in the tree and is not the new root
[ERROR:flutter/shell/platform/common/accessibility_bridge.cc(114)] Failed to update ui::AXTree, error: 149 will not be in the tree and is not the new root
[ERROR:flutter/shell/platform/common/accessibility_bridge.cc(114)] Failed to update ui::AXTree, error: 149 will not be in the tree and is not the new root
[ERROR:flutter/shell/platform/common/accessibility_bridge.cc(114)] Failed to update ui::AXTree, error: 149 will not be in the tree and is not the new root
[ERROR:flutter/shell/platform/common/accessibility_bridge.cc(114)] Failed to update ui::AXTree, error: 149 will not be in the tree and is not the new root
[ERROR:flutter/shell/platform/common/accessibility_bridge.cc(114)] Failed to update ui::AXTree, error: 149 will not be in the tree and is not the new root
[ERROR:flutter/shell/platform/common/accessibility_bridge.cc(114)] Failed to update ui::AXTree, error: 149 will not be in the tree and is not the new root
[ERROR:flutter/shell/platform/common/accessibility_bridge.cc(114)] Failed to update ui::AXTree, error: 149 will not be in the tree and is not the new root
[ERROR:flutter/shell/platform/common/accessibility_bridge.cc(114)] Failed to update ui::AXTree, error: 149 will not be in the tree and is not the new root
[ERROR:flutter/shell/platform/common/accessibility_bridge.cc(114)] Failed to update ui::AXTree, error: 149 will not be in the tree and is not the new root
[ERROR:flutter/shell/platform/common/accessibility_bridge.cc(114)] Failed to update ui::AXTree, error: 149 will not be in the tree and is not the new root
[ERROR:flutter/shell/platform/common/accessibility_bridge.cc(114)] Failed to update ui::AXTree, error: 149 will not be in the tree and is not the new root
[ERROR:flutter/shell/platform/common/accessibility_bridge.cc(114)] Failed to update ui::AXTree, error: 149 will not be in the tree and is not the new root
[ERROR:flutter/shell/platform/common/accessibility_bridge.cc(114)] Failed to update ui::AXTree, error: 149 will not be in the tree and is not the new root
[ERROR:flutter/shell/platform/common/accessibility_bridge.cc(114)] Failed to update ui::AXTree, error: 149 will not be in the tree and is not the new root
[ERROR:flutter/shell/platform/common/accessibility_bridge.cc(114)] Failed to update ui::AXTree, error: 149 will not be in the tree and is not the new root
[ERROR:flutter/shell/platform/common/accessibility_bridge.cc(114)] Failed to update ui::AXTree, error: 149 will not be in the tree and is not the new root
[ERROR:flutter/shell/platform/common/accessibility_bridge.cc(114)] Failed to update ui::AXTree, error: 149 will not be in the tree and is not the new root
[ERROR:flutter/shell/platform/common/accessibility_bridge.cc(114)] Failed to update ui::AXTree, error: 149 will not be in the tree and is not the new root
[ERROR:flutter/shell/platform/common/accessibility_bridge.cc(114)] Failed to update ui::AXTree, error: 149 will not be in the tree and is not the new root
[ERROR:flutter/shell/platform/common/accessibility_bridge.cc(114)] Failed to update ui::AXTree, error: 149 will not be in the tree and is not the new root
[ERROR:flutter/shell/platform/common/accessibility_bridge.cc(114)] Failed to update ui::AXTree, error: 149 will not be in the tree and is not the new root
[ERROR:flutter/shell/platform/common/accessibility_bridge.cc(114)] Failed to update ui::AXTree, error: 149 will not be in the tree and is not the new root
[ERROR:flutter/shell/platform/common/accessibility_bridge.cc(114)] Failed to update ui::AXTree, error: 149 will not be in the tree and is not the new root
[ERROR:flutter/shell/platform/common/accessibility_bridge.cc(114)] Failed to update ui::AXTree, error: 149 will not be in the tree and is not the new root
[ERROR:flutter/shell/platform/common/accessibility_bridge.cc(114)] Failed to update ui::AXTree, error: 149 will not be in the tree and is not the new root
[ERROR:flutter/shell/platform/common/accessibility_bridge.cc(114)] Failed to update ui::AXTree, error: 149 will not be in the tree and is not the new root
[ERROR:flutter/shell/platform/common/accessibility_bridge.cc(114)] Failed to update ui::AXTree, error: 149 will not be in the tree and is not the new root
[ERROR:flutter/shell/platform/common/accessibility_bridge.cc(114)] Failed to update ui::AXTree, error: 149 will not be in the tree and is not the new root
[ERROR:flutter/shell/platform/common/accessibility_bridge.cc(114)] Failed to update ui::AXTree, error: 149 will not be in the tree and is not the new root
[ERROR:flutter/shell/platform/common/accessibility_bridge.cc(114)] Failed to update ui::AXTree, error: 149 will not be in the tree and is not the new root
[ERROR:flutter/shell/platform/common/accessibility_bridge.cc(114)] Failed to update ui::AXTree, error: 149 will not be in the tree and is not the new root
[ERROR:flutter/shell/platform/common/accessibility_bridge.cc(114)] Failed to update ui::AXTree, error: 149 will not be in the tree and is not the new root
[ERROR:flutter/shell/platform/common/accessibility_bridge.cc(114)] Failed to update ui::AXTree, error: 149 will not be in the tree and is not the new root
[ERROR:flutter/shell/platform/common/accessibility_bridge.cc(114)] Failed to update ui::AXTree, error: 149 will not be in the tree and is not the new root
[ERROR:flutter/shell/platform/common/accessibility_bridge.cc(114)] Failed to update ui::AXTree, error: 149 will not be in the tree and is not the new root
[ERROR:flutter/shell/platform/common/accessibility_bridge.cc(114)] Failed to update ui::AXTree, error: 149 will not be in the tree and is not the new root
[ERROR:flutter/shell/platform/common/accessibility_bridge.cc(114)] Failed to update ui::AXTree, error: 149 will not be in the tree and is not the new root
[ERROR:flutter/shell/platform/common/accessibility_bridge.cc(114)] Failed to update ui::AXTree, error: 149 will not be in the tree and is not the new root
[ERROR:flutter/shell/platform/common/accessibility_bridge.cc(114)] Failed to update ui::AXTree, error: 149 will not be in the tree and is not the new root
[ERROR:flutter/shell/platform/common/accessibility_bridge.cc(114)] Failed to update ui::AXTree, error: 149 will not be in the tree and is not the new root
[34m[🌎 Easy Localization] [WARNING] Localization key [Dashboard] not found[0m
[34m[🌎 Easy Localization] [WARNING] Localization key [Hymnal] not found[0m
[34m[🌎 Easy Localization] [WARNING] Localization key [Beliefs] not found[0m
[ERROR:flutter/shell/platform/common/accessibility_bridge.cc(114)] Failed to update ui::AXTree, error: 149 will not be in the tree and is not the new root
[ERROR:flutter/shell/platform/common/accessibility_bridge.cc(114)] Failed to update ui::AXTree, error: 149 will not be in the tree and is not the new root
[ERROR:flutter/shell/platform/common/accessibility_bridge.cc(114)] Failed to update ui::AXTree, error: 149 will not be in the tree and is not the new root
[ERROR:flutter/shell/platform/common/accessibility_bridge.cc(114)] Failed to update ui::AXTree, error: 149 will not be in the tree and is not the new root
[ERROR:flutter/shell/platform/common/accessibility_bridge.cc(114)] Failed to update ui::AXTree, error: 149 will not be in the tree and is not the new root
[ERROR:flutter/shell/platform/common/accessibility_bridge.cc(114)] Failed to update ui::AXTree, error: 149 will not be in the tree and is not the new root
[ERROR:flutter/shell/platform/common/accessibility_bridge.cc(114)] Failed to update ui::AXTree, error: 149 will not be in the tree and is not the new root
[ERROR:flutter/shell/platform/common/accessibility_bridge.cc(114)] Failed to update ui::AXTree, error: 149 will not be in the tree and is not the new root
[ERROR:flutter/shell/platform/common/accessibility_bridge.cc(114)] Failed to update ui::AXTree, error: 149 will not be in the tree and is not the new root
[ERROR:flutter/shell/platform/common/accessibility_bridge.cc(114)] Failed to update ui::AXTree, error: 149 will not be in the tree and is not the new root
[ERROR:flutter/shell/platform/common/accessibility_bridge.cc(114)] Failed to update ui::AXTree, error: 149 will not be in the tree and is not the new root
[ERROR:flutter/shell/platform/common/accessibility_bridge.cc(114)] Failed to update ui::AXTree, error: 149 will not be in the tree and is not the new root
[ERROR:flutter/shell/platform/common/accessibility_bridge.cc(114)] Failed to update ui::AXTree, error: 149 will not be in the tree and is not the new root
[ERROR:flutter/shell/platform/common/accessibility_bridge.cc(114)] Failed to update ui::AXTree, error: 149 will not be in the tree and is not the new root
[ERROR:flutter/shell/platform/common/accessibility_bridge.cc(114)] Failed to update ui::AXTree, error: 149 will not be in the tree and is not the new root
[ERROR:flutter/shell/platform/common/accessibility_bridge.cc(114)] Failed to update ui::AXTree, error: 149 will not be in the tree and is not the new root
[ERROR:flutter/shell/platform/common/accessibility_bridge.cc(114)] Failed to update ui::AXTree, error: 149 will not be in the tree and is not the new root
[ERROR:flutter/shell/platform/common/accessibility_bridge.cc(114)] Failed to update ui::AXTree, error: 149 will not be in the tree and is not the new root
[ERROR:flutter/shell/platform/common/accessibility_bridge.cc(114)] Failed to update ui::AXTree, error: 149 will not be in the tree and is not the new root
[ERROR:flutter/shell/platform/common/accessibility_bridge.cc(114)] Failed to update ui::AXTree, error: 149 will not be in the tree and is not the new root
[ERROR:flutter/shell/platform/common/accessibility_bridge.cc(114)] Failed to update ui::AXTree, error: 149 will not be in the tree and is not the new root
[ERROR:flutter/shell/platform/common/accessibility_bridge.cc(114)] Failed to update ui::AXTree, error: 149 will not be in the tree and is not the new root
[ERROR:flutter/shell/platform/common/accessibility_bridge.cc(114)] Failed to update ui::AXTree, error: 149 will not be in the tree and is not the new root
[ERROR:flutter/shell/platform/common/accessibility_bridge.cc(114)] Failed to update ui::AXTree, error: 149 will not be in the tree and is not the new root
[ERROR:flutter/shell/platform/common/accessibility_bridge.cc(114)] Failed to update ui::AXTree, error: 149 will not be in the tree and is not the new root
[ERROR:flutter/shell/platform/common/accessibility_bridge.cc(114)] Failed to update ui::AXTree, error: 149 will not be in the tree and is not the new root
[ERROR:flutter/shell/platform/common/accessibility_bridge.cc(114)] Failed to update ui::AXTree, error: 149 will not be in the tree and is not the new root
[ERROR:flutter/shell/platform/common/accessibility_bridge.cc(114)] Failed to update ui::AXTree, error: 149 will not be in the tree and is not the new root
[ERROR:flutter/shell/platform/common/accessibility_bridge.cc(114)] Failed to update ui::AXTree, error: 149 will not be in the tree and is not the new root
[ERROR:flutter/shell/platform/common/accessibility_bridge.cc(114)] Failed to update ui::AXTree, error: 149 will not be in the tree and is not the new root
[ERROR:flutter/shell/platform/common/accessibility_bridge.cc(114)] Failed to update ui::AXTree, error: 149 will not be in the tree and is not the new root
ScreenshotService: Successfully captured screenshot (290063 bytes).
[ERROR:flutter/shell/platform/common/accessibility_bridge.cc(114)] Failed to update ui::AXTree, error: 149 will not be in the tree and is not the new root
[ERROR:flutter/shell/platform/common/accessibility_bridge.cc(114)] Failed to update ui::AXTree, error: 149 will not be in the tree and is not the new root
[ERROR:flutter/shell/platform/common/accessibility_bridge.cc(114)] Failed to update ui::AXTree, error: 149 will not be in the tree and is not the new root
[ERROR:flutter/shell/platform/common/accessibility_bridge.cc(114)] Failed to update ui::AXTree, error: 149 will not be in the tree and is not the new root
[ERROR:flutter/shell/platform/common/accessibility_bridge.cc(114)] Failed to update ui::AXTree, error: 149 will not be in the tree and is not the new root
[ERROR:flutter/shell/platform/common/accessibility_bridge.cc(114)] Failed to update ui::AXTree, error: 149 will not be in the tree and is not the new root
[ERROR:flutter/shell/platform/common/accessibility_bridge.cc(114)] Failed to update ui::AXTree, error: 149 will not be in the tree and is not the new root
[ERROR:flutter/shell/platform/common/accessibility_bridge.cc(114)] Failed to update ui::AXTree, error: 149 will not be in the tree and is not the new root
[ERROR:flutter/shell/platform/common/accessibility_bridge.cc(114)] Failed to update ui::AXTree, error: 149 will not be in the tree and is not the new root
ScreenshotService: Successfully captured screenshot (131045 bytes).
[ERROR:flutter/shell/platform/common/accessibility_bridge.cc(114)] Failed to update ui::AXTree, error: 149 will not be in the tree and is not the new root
[ERROR:flutter/shell/platform/common/accessibility_bridge.cc(114)] Failed to update ui::AXTree, error: 149 will not be in the tree and is not the new root
[ERROR:flutter/shell/platform/common/accessibility_bridge.cc(114)] Failed to update ui::AXTree, error: 149 will not be in the tree and is not the new root
[ERROR:flutter/shell/platform/common/accessibility_bridge.cc(114)] Failed to update ui::AXTree, error: 149 will not be in the tree and is not the new root
[ERROR:flutter/shell/platform/common/accessibility_bridge.cc(114)] Failed to update ui::AXTree, error: 149 will not be in the tree and is not the new root
[ERROR:flutter/shell/platform/common/accessibility_bridge.cc(114)] Failed to update ui::AXTree, error: 149 will not be in the tree and is not the new root
[ERROR:flutter/shell/platform/common/accessibility_bridge.cc(114)] Failed to update ui::AXTree, error: 149 will not be in the tree and is not the new root
[ERROR:flutter/shell/platform/common/accessibility_bridge.cc(114)] Failed to update ui::AXTree, error: 149 will not be in the tree and is not the new root
[ERROR:flutter/shell/platform/common/accessibility_bridge.cc(114)] Failed to update ui::AXTree, error: 149 will not be in the tree and is not the new root
[ERROR:flutter/shell/platform/common/accessibility_bridge.cc(114)] Failed to update ui::AXTree, error: 149 will not be in the tree and is not the new root
[ERROR:flutter/shell/platform/common/accessibility_bridge.cc(114)] Failed to update ui::AXTree, error: 149 will not be in the tree and is not the new root
[ERROR:flutter/shell/platform/common/accessibility_bridge.cc(114)] Failed to update ui::AXTree, error: 149 will not be in the tree and is not the new root
[ERROR:flutter/shell/platform/common/accessibility_bridge.cc(114)] Failed to update ui::AXTree, error: 149 will not be in the tree and is not the new root
[ERROR:flutter/shell/platform/common/accessibility_bridge.cc(114)] Failed to update ui::AXTree, error: 149 will not be in the tree and is not the new root
[ERROR:flutter/shell/platform/common/accessibility_bridge.cc(114)] Failed to update ui::AXTree, error: 149 will not be in the tree and is not the new root
[ERROR:flutter/shell/platform/common/accessibility_bridge.cc(114)] Failed to update ui::AXTree, error: 149 will not be in the tree and is not the new root
[ERROR:flutter/shell/platform/common/accessibility_bridge.cc(114)] Failed to update ui::AXTree, error: 149 will not be in the tree and is not the new root
[ERROR:flutter/shell/platform/common/accessibility_bridge.cc(114)] Failed to update ui::AXTree, error: 149 will not be in the tree and is not the new root
[ERROR:flutter/shell/platform/common/accessibility_bridge.cc(114)] Failed to update ui::AXTree, error: 149 will not be in the tree and is not the new root
[ERROR:flutter/shell/platform/common/accessibility_bridge.cc(114)] Failed to update ui::AXTree, error: 149 will not be in the tree and is not the new root
[ERROR:flutter/shell/platform/common/accessibility_bridge.cc(114)] Failed to update ui::AXTree, error: 149 will not be in the tree and is not the new root
[ERROR:flutter/shell/platform/common/accessibility_bridge.cc(114)] Failed to update ui::AXTree, error: 149 will not be in the tree and is not the new root
[ERROR:flutter/shell/platform/common/accessibility_bridge.cc(114)] Failed to update ui::AXTree, error: 149 will not be in the tree and is not the new root
[ERROR:flutter/shell/platform/common/accessibility_bridge.cc(114)] Failed to update ui::AXTree, error: 149 will not be in the tree and is not the new root
[ERROR:flutter/shell/platform/common/accessibility_bridge.cc(114)] Failed to update ui::AXTree, error: 149 will not be in the tree and is not the new root
[ERROR:flutter/shell/platform/common/accessibility_bridge.cc(114)] Failed to update ui::AXTree, error: 149 will not be in the tree and is not the new root
[ERROR:flutter/shell/platform/common/accessibility_bridge.cc(114)] Failed to update ui::AXTree, error: 149 will not be in the tree and is not the new root
[ERROR:flutter/shell/platform/common/accessibility_bridge.cc(114)] Failed to update ui::AXTree, error: 149 will not be in the tree and is not the new root
[ERROR:flutter/shell/platform/common/accessibility_bridge.cc(114)] Failed to update ui::AXTree, error: 149 will not be in the tree and is not the new root
[ERROR:flutter/shell/platform/common/accessibility_bridge.cc(114)] Failed to update ui::AXTree, error: 149 will not be in the tree and is not the new root
ScreenshotService: Successfully captured screenshot (122753 bytes).
[34m[🌎 Easy Localization] [WARNING] Localization key [Confirmation] not found[0m
[ERROR:flutter/shell/platform/common/accessibility_bridge.cc(114)] Failed to update ui::AXTree, error: 149 will not be in the tree and is not the new root
[ERROR:flutter/shell/platform/common/accessibility_bridge.cc(114)] Failed to update ui::AXTree, error: 149 will not be in the tree and is not the new root
ScreenshotService: Successfully captured screenshot (95029 bytes).
[ERROR:flutter/shell/platform/common/accessibility_bridge.cc(114)] Failed to update ui::AXTree, error: 149 will not be in the tree and is not the new root
[ERROR:flutter/shell/platform/common/accessibility_bridge.cc(114)] Failed to update ui::AXTree, error: 149 will not be in the tree and is not the new root
[ERROR:flutter/shell/platform/common/accessibility_bridge.cc(114)] Failed to update ui::AXTree, error: 149 will not be in the tree and is not the new root
[ERROR:flutter/shell/platform/common/accessibility_bridge.cc(114)] Failed to update ui::AXTree, error: 149 will not be in the tree and is not the new root
[ERROR:flutter/shell/platform/common/accessibility_bridge.cc(114)] Failed to update ui::AXTree, error: 149 will not be in the tree and is not the new root
ScreenshotService: Successfully captured screenshot (118989 bytes).
[ERROR:flutter/shell/platform/common/accessibility_bridge.cc(114)] Failed to update ui::AXTree, error: 149 will not be in the tree and is not the new root
[ERROR:flutter/shell/platform/common/accessibility_bridge.cc(114)] Failed to update ui::AXTree, error: 149 will not be in the tree and is not the new root
[ERROR:flutter/shell/platform/common/accessibility_bridge.cc(114)] Failed to update ui::AXTree, error: 149 will not be in the tree and is not the new root
[ERROR:flutter/shell/platform/common/accessibility_bridge.cc(114)] Failed to update ui::AXTree, error: 149 will not be in the tree and is not the new root
[ERROR:flutter/shell/platform/common/accessibility_bridge.cc(114)] Failed to update ui::AXTree, error: 149 will not be in the tree and is not the new root
[ERROR:flutter/shell/platform/common/accessibility_bridge.cc(114)] Failed to update ui::AXTree, error: 149 will not be in the tree and is not the new root
[ERROR:flutter/shell/platform/common/accessibility_bridge.cc(114)] Failed to update ui::AXTree, error: 149 will not be in the tree and is not the new root
[ERROR:flutter/shell/platform/common/accessibility_bridge.cc(114)] Failed to update ui::AXTree, error: 149 will not be in the tree and is not the new root
[ERROR:flutter/shell/platform/common/accessibility_bridge.cc(114)] Failed to update ui::AXTree, error: 149 will not be in the tree and is not the new root
[ERROR:flutter/shell/platform/common/accessibility_bridge.cc(114)] Failed to update ui::AXTree, error: 149 will not be in the tree and is not the new root
[ERROR:flutter/shell/platform/common/accessibility_bridge.cc(114)] Failed to update ui::AXTree, error: 149 will not be in the tree and is not the new root
[ERROR:flutter/shell/platform/common/accessibility_bridge.cc(114)] Failed to update ui::AXTree, error: 149 will not be in the tree and is not the new root
[ERROR:flutter/shell/platform/common/accessibility_bridge.cc(114)] Failed to update ui::AXTree, error: 149 will not be in the tree and is not the new root
[ERROR:flutter/shell/platform/common/accessibility_bridge.cc(114)] Failed to update ui::AXTree, error: 149 will not be in the tree and is not the new root
[ERROR:flutter/shell/platform/common/accessibility_bridge.cc(114)] Failed to update ui::AXTree, error: 149 will not be in the tree and is not the new root
[ERROR:flutter/shell/platform/common/accessibility_bridge.cc(114)] Failed to update ui::AXTree, error: 149 will not be in the tree and is not the new root
[ERROR:flutter/shell/platform/common/accessibility_bridge.cc(114)] Failed to update ui::AXTree, error: 149 will not be in the tree and is not the new root
[ERROR:flutter/shell/platform/common/accessibility_bridge.cc(114)] Failed to update ui::AXTree, error: 149 will not be in the tree and is not the new root
[ERROR:flutter/shell/platform/common/accessibility_bridge.cc(114)] Failed to update ui::AXTree, error: 149 will not be in the tree and is not the new root
[ERROR:flutter/shell/platform/common/accessibility_bridge.cc(114)] Failed to update ui::AXTree, error: 149 will not be in the tree and is not the new root
[ERROR:flutter/shell/platform/common/accessibility_bridge.cc(114)] Failed to update ui::AXTree, error: 149 will not be in the tree and is not the new root
[ERROR:flutter/shell/platform/common/accessibility_bridge.cc(114)] Failed to update ui::AXTree, error: 149 will not be in the tree and is not the new root
[ERROR:flutter/shell/platform/common/accessibility_bridge.cc(114)] Failed to update ui::AXTree, error: 149 will not be in the tree and is not the new root
[ERROR:flutter/shell/platform/common/accessibility_bridge.cc(114)] Failed to update ui::AXTree, error: 149 will not be in the tree and is not the new root
[ERROR:flutter/shell/platform/common/accessibility_bridge.cc(114)] Failed to update ui::AXTree, error: 149 will not be in the tree and is not the new root
[ERROR:flutter/shell/platform/common/accessibility_bridge.cc(114)] Failed to update ui::AXTree, error: 149 will not be in the tree and is not the new root
[ERROR:flutter/shell/platform/common/accessibility_bridge.cc(114)] Failed to update ui::AXTree, error: 149 will not be in the tree and is not the new root
[ERROR:flutter/shell/platform/common/accessibility_bridge.cc(114)] Failed to update ui::AXTree, error: 149 will not be in the tree and is not the new root
[ERROR:flutter/shell/platform/common/accessibility_bridge.cc(114)] Failed to update ui::AXTree, error: 149 will not be in the tree and is not the new root
[ERROR:flutter/shell/platform/common/accessibility_bridge.cc(114)] Failed to update ui::AXTree, error: 149 will not be in the tree and is not the new root
[ERROR:flutter/shell/platform/common/accessibility_bridge.cc(114)] Failed to update ui::AXTree, error: 149 will not be in the tree and is not the new root
[ERROR:flutter/shell/platform/common/accessibility_bridge.cc(114)] Failed to update ui::AXTree, error: 149 will not be in the tree and is not the new root
[ERROR:flutter/shell/platform/common/accessibility_bridge.cc(114)] Failed to update ui::AXTree, error: 149 will not be in the tree and is not the new root
[ERROR:flutter/shell/platform/common/accessibility_bridge.cc(114)] Failed to update ui::AXTree, error: 149 will not be in the tree and is not the new root
[ERROR:flutter/shell/platform/common/accessibility_bridge.cc(114)] Failed to update ui::AXTree, error: 149 will not be in the tree and is not the new root
[ERROR:flutter/shell/platform/common/accessibility_bridge.cc(114)] Failed to update ui::AXTree, error: 149 will not be in the tree and is not the new root
[ERROR:flutter/shell/platform/common/accessibility_bridge.cc(114)] Failed to update ui::AXTree, error: 149 will not be in the tree and is not the new root
[ERROR:flutter/shell/platform/common/accessibility_bridge.cc(114)] Failed to update ui::AXTree, error: 149 will not be in the tree and is not the new root
Performing hot reload...                                        
[90m[🌎 Easy Localization] [DEBUG] Build[0m
[90m[🌎 Easy Localization] [DEBUG] Init Localization Delegate[0m
[90m[🌎 Easy Localization] [DEBUG] Init provider[0m
[34m[🌎 Easy Localization] [WARNING] Localization key [Dashboard] not found[0m
[34m[🌎 Easy Localization] [WARNING] Localization key [Hymnal] not found[0m
[34m[🌎 Easy Localization] [WARNING] Localization key [Beliefs] not found[0m
[34m[🌎 Easy Localization] [WARNING] Localization key [Kontrol Aplikasi Gereja] not found[0m
Reloaded 87 of 4220 libraries in 2.394ms (compile: 757 ms, reload: 691 ms, reassemble: 449 ms).
[34m[🌎 Easy Localization] [WARNING] Localization key [Dashboard] not found[0m
[34m[🌎 Easy Localization] [WARNING] Localization key [Hymnal] not found[0m
[34m[🌎 Easy Localization] [WARNING] Localization key [Beliefs] not found[0m
[34m[🌎 Easy Localization] [WARNING] Localization key [Kontrol Aplikasi Gereja] not found[0m
[34m[🌎 Easy Localization] [WARNING] Localization key [Dashboard] not found[0m
[34m[🌎 Easy Localization] [WARNING] Localization key [Hymnal] not found[0m
[34m[🌎 Easy Localization] [WARNING] Localization key [Beliefs] not found[0m
[34m[🌎 Easy Localization] [WARNING] Localization key [Kontrol Aplikasi Gereja] not found[0m
[ERROR:flutter/shell/platform/common/accessibility_bridge.cc(114)] Failed to update ui::AXTree, error: 149 will not be in the tree and is not the new root
[ERROR:flutter/shell/platform/common/accessibility_bridge.cc(114)] Failed to update ui::AXTree, error: 149 will not be in the tree and is not the new root
[ERROR:flutter/shell/platform/common/accessibility_bridge.cc(114)] Failed to update ui::AXTree, error: 149 will not be in the tree and is not the new root
[ERROR:flutter/shell/platform/common/accessibility_bridge.cc(114)] Failed to update ui::AXTree, error: 149 will not be in the tree and is not the new root
[ERROR:flutter/shell/platform/common/accessibility_bridge.cc(114)] Failed to update ui::AXTree, error: 149 will not be in the tree and is not the new root
[ERROR:flutter/shell/platform/common/accessibility_bridge.cc(114)] Failed to update ui::AXTree, error: 149 will not be in the tree and is not the new root
ScreenshotService: Successfully captured screenshot (142309 bytes).
[ERROR:flutter/shell/platform/common/accessibility_bridge.cc(114)] Failed to update ui::AXTree, error: 149 will not be in the tree and is not the new root
[ERROR:flutter/shell/platform/common/accessibility_bridge.cc(114)] Failed to update ui::AXTree, error: 149 will not be in the tree and is not the new root
[ERROR:flutter/shell/platform/common/accessibility_bridge.cc(114)] Failed to update ui::AXTree, error: 149 will not be in the tree and is not the new root
[ERROR:flutter/shell/platform/common/accessibility_bridge.cc(114)] Failed to update ui::AXTree, error: 149 will not be in the tree and is not the new root
[ERROR:flutter/shell/platform/common/accessibility_bridge.cc(114)] Failed to update ui::AXTree, error: 149 will not be in the tree and is not the new root
[ERROR:flutter/shell/platform/common/accessibility_bridge.cc(114)] Failed to update ui::AXTree, error: 149 will not be in the tree and is not the new root
[ERROR:flutter/shell/platform/common/accessibility_bridge.cc(114)] Failed to update ui::AXTree, error: 149 will not be in the tree and is not the new root
[ERROR:flutter/shell/platform/common/accessibility_bridge.cc(114)] Failed to update ui::AXTree, error: 149 will not be in the tree and is not the new root
[ERROR:flutter/shell/platform/common/accessibility_bridge.cc(114)] Failed to update ui::AXTree, error: 149 will not be in the tree and is not the new root
[ERROR:flutter/shell/platform/common/accessibility_bridge.cc(114)] Failed to update ui::AXTree, error: 149 will not be in the tree and is not the new root
[ERROR:flutter/shell/platform/common/accessibility_bridge.cc(114)] Failed to update ui::AXTree, error: 149 will not be in the tree and is not the new root
[ERROR:flutter/shell/platform/common/accessibility_bridge.cc(114)] Failed to update ui::AXTree, error: 149 will not be in the tree and is not the new root
[ERROR:flutter/shell/platform/common/accessibility_bridge.cc(114)] Failed to update ui::AXTree, error: 149 will not be in the tree and is not the new root
[ERROR:flutter/shell/platform/common/accessibility_bridge.cc(114)] Failed to update ui::AXTree, error: 149 will not be in the tree and is not the new root
[ERROR:flutter/shell/platform/common/accessibility_bridge.cc(114)] Failed to update ui::AXTree, error: 149 will not be in the tree and is not the new root
[ERROR:flutter/shell/platform/common/accessibility_bridge.cc(114)] Failed to update ui::AXTree, error: 149 will not be in the tree and is not the new root
[ERROR:flutter/shell/platform/common/accessibility_bridge.cc(114)] Failed to update ui::AXTree, error: 149 will not be in the tree and is not the new root
[ERROR:flutter/shell/platform/common/accessibility_bridge.cc(114)] Failed to update ui::AXTree, error: 149 will not be in the tree and is not the new root
[ERROR:flutter/shell/platform/common/accessibility_bridge.cc(114)] Failed to update ui::AXTree, error: 149 will not be in the tree and is not the new root
[ERROR:flutter/shell/platform/common/accessibility_bridge.cc(114)] Failed to update ui::AXTree, error: 149 will not be in the tree and is not the new root
[ERROR:flutter/shell/platform/common/accessibility_bridge.cc(114)] Failed to update ui::AXTree, error: 149 will not be in the tree and is not the new root
[ERROR:flutter/shell/platform/common/accessibility_bridge.cc(114)] Failed to update ui::AXTree, error: 149 will not be in the tree and is not the new root
[ERROR:flutter/shell/platform/common/accessibility_bridge.cc(114)] Failed to update ui::AXTree, error: 149 will not be in the tree and is not the new root
[ERROR:flutter/shell/platform/common/accessibility_bridge.cc(114)] Failed to update ui::AXTree, error: 149 will not be in the tree and is not the new root
[ERROR:flutter/shell/platform/common/accessibility_bridge.cc(114)] Failed to update ui::AXTree, error: 149 will not be in the tree and is not the new root
[ERROR:flutter/shell/platform/common/accessibility_bridge.cc(114)] Failed to update ui::AXTree, error: 149 will not be in the tree and is not the new root
[ERROR:flutter/shell/platform/common/accessibility_bridge.cc(114)] Failed to update ui::AXTree, error: 149 will not be in the tree and is not the new root
[ERROR:flutter/shell/platform/common/accessibility_bridge.cc(114)] Failed to update ui::AXTree, error: 149 will not be in the tree and is not the new root
[ERROR:flutter/shell/platform/common/accessibility_bridge.cc(114)] Failed to update ui::AXTree, error: 149 will not be in the tree and is not the new root
[ERROR:flutter/shell/platform/common/accessibility_bridge.cc(114)] Failed to update ui::AXTree, error: 149 will not be in the tree and is not the new root
[ERROR:flutter/shell/platform/common/accessibility_bridge.cc(114)] Failed to update ui::AXTree, error: 149 will not be in the tree and is not the new root
[ERROR:flutter/shell/platform/common/accessibility_bridge.cc(114)] Failed to update ui::AXTree, error: 149 will not be in the tree and is not the new root
[ERROR:flutter/shell/platform/common/accessibility_bridge.cc(114)] Failed to update ui::AXTree, error: 149 will not be in the tree and is not the new root
[ERROR:flutter/shell/platform/common/accessibility_bridge.cc(114)] Failed to update ui::AXTree, error: 149 will not be in the tree and is not the new root
[ERROR:flutter/shell/platform/common/accessibility_bridge.cc(114)] Failed to update ui::AXTree, error: 149 will not be in the tree and is not the new root
[ERROR:flutter/shell/platform/common/accessibility_bridge.cc(114)] Failed to update ui::AXTree, error: 149 will not be in the tree and is not the new root
[ERROR:flutter/shell/platform/common/accessibility_bridge.cc(114)] Failed to update ui::AXTree, error: 149 will not be in the tree and is not the new root
[ERROR:flutter/shell/platform/common/accessibility_bridge.cc(114)] Failed to update ui::AXTree, error: 149 will not be in the tree and is not the new root
[ERROR:flutter/shell/platform/common/accessibility_bridge.cc(114)] Failed to update ui::AXTree, error: 149 will not be in the tree and is not the new root
[ERROR:flutter/shell/platform/common/accessibility_bridge.cc(114)] Failed to update ui::AXTree, error: 149 will not be in the tree and is not the new root
[ERROR:flutter/shell/platform/common/accessibility_bridge.cc(114)] Failed to update ui::AXTree, error: 149 will not be in the tree and is not the new root
[ERROR:flutter/shell/platform/common/accessibility_bridge.cc(114)] Failed to update ui::AXTree, error: 149 will not be in the tree and is not the new root
[ERROR:flutter/shell/platform/common/accessibility_bridge.cc(114)] Failed to update ui::AXTree, error: 149 will not be in the tree and is not the new root
[ERROR:flutter/shell/platform/common/accessibility_bridge.cc(114)] Failed to update ui::AXTree, error: 149 will not be in the tree and is not the new root
[ERROR:flutter/shell/platform/common/accessibility_bridge.cc(114)] Failed to update ui::AXTree, error: 149 will not be in the tree and is not the new root
[ERROR:flutter/shell/platform/common/accessibility_bridge.cc(114)] Failed to update ui::AXTree, error: 149 will not be in the tree and is not the new root
[ERROR:flutter/shell/platform/common/accessibility_bridge.cc(114)] Failed to update ui::AXTree, error: 149 will not be in the tree and is not the new root
[ERROR:flutter/shell/platform/common/accessibility_bridge.cc(114)] Failed to update ui::AXTree, error: 149 will not be in the tree and is not the new root
[ERROR:flutter/shell/platform/common/accessibility_bridge.cc(114)] Failed to update ui::AXTree, error: 149 will not be in the tree and is not the new root
[ERROR:flutter/shell/platform/common/accessibility_bridge.cc(114)] Failed to update ui::AXTree, error: 149 will not be in the tree and is not the new root
[ERROR:flutter/shell/platform/common/accessibility_bridge.cc(114)] Failed to update ui::AXTree, error: 149 will not be in the tree and is not the new root
[ERROR:flutter/shell/platform/common/accessibility_bridge.cc(114)] Failed to update ui::AXTree, error: 149 will not be in the tree and is not the new root
[ERROR:flutter/shell/platform/common/accessibility_bridge.cc(114)] Failed to update ui::AXTree, error: 149 will not be in the tree and is not the new root
[ERROR:flutter/shell/platform/common/accessibility_bridge.cc(114)] Failed to update ui::AXTree, error: 149 will not be in the tree and is not the new root
[ERROR:flutter/shell/platform/common/accessibility_bridge.cc(114)] Failed to update ui::AXTree, error: 149 will not be in the tree and is not the new root
[ERROR:flutter/shell/platform/common/accessibility_bridge.cc(114)] Failed to update ui::AXTree, error: 149 will not be in the tree and is not the new root
[ERROR:flutter/shell/platform/common/accessibility_bridge.cc(114)] Failed to update ui::AXTree, error: 149 will not be in the tree and is not the new root
[ERROR:flutter/shell/platform/common/accessibility_bridge.cc(114)] Failed to update ui::AXTree, error: 149 will not be in the tree and is not the new root
[ERROR:flutter/shell/platform/common/accessibility_bridge.cc(114)] Failed to update ui::AXTree, error: 149 will not be in the tree and is not the new root
[ERROR:flutter/shell/platform/common/accessibility_bridge.cc(114)] Failed to update ui::AXTree, error: 149 will not be in the tree and is not the new root
[ERROR:flutter/shell/platform/common/accessibility_bridge.cc(114)] Failed to update ui::AXTree, error: 149 will not be in the tree and is not the new root
[ERROR:flutter/shell/platform/common/accessibility_bridge.cc(114)] Failed to update ui::AXTree, error: 149 will not be in the tree and is not the new root
[ERROR:flutter/shell/platform/common/accessibility_bridge.cc(114)] Failed to update ui::AXTree, error: 149 will not be in the tree and is not the new root
[ERROR:flutter/shell/platform/common/accessibility_bridge.cc(114)] Failed to update ui::AXTree, error: 149 will not be in the tree and is not the new root
[ERROR:flutter/shell/platform/common/accessibility_bridge.cc(114)] Failed to update ui::AXTree, error: 149 will not be in the tree and is not the new root
[ERROR:flutter/shell/platform/common/accessibility_bridge.cc(114)] Failed to update ui::AXTree, error: 149 will not be in the tree and is not the new root
[ERROR:flutter/shell/platform/common/accessibility_bridge.cc(114)] Failed to update ui::AXTree, error: 149 will not be in the tree and is not the new root
[ERROR:flutter/shell/platform/common/accessibility_bridge.cc(114)] Failed to update ui::AXTree, error: 149 will not be in the tree and is not the new root
[ERROR:flutter/shell/platform/common/accessibility_bridge.cc(114)] Failed to update ui::AXTree, error: 149 will not be in the tree and is not the new root
[ERROR:flutter/shell/platform/common/accessibility_bridge.cc(114)] Failed to update ui::AXTree, error: 149 will not be in the tree and is not the new root
[ERROR:flutter/shell/platform/common/accessibility_bridge.cc(114)] Failed to update ui::AXTree, error: 149 will not be in the tree and is not the new root
[ERROR:flutter/shell/platform/common/accessibility_bridge.cc(114)] Failed to update ui::AXTree, error: 149 will not be in the tree and is not the new root
[ERROR:flutter/shell/platform/common/accessibility_bridge.cc(114)] Failed to update ui::AXTree, error: 149 will not be in the tree and is not the new root
[ERROR:flutter/shell/platform/common/accessibility_bridge.cc(114)] Failed to update ui::AXTree, error: 149 will not be in the tree and is not the new root
[ERROR:flutter/shell/platform/common/accessibility_bridge.cc(114)] Failed to update ui::AXTree, error: 149 will not be in the tree and is not the new root
[ERROR:flutter/shell/platform/common/accessibility_bridge.cc(114)] Failed to update ui::AXTree, error: 149 will not be in the tree and is not the new root
[ERROR:flutter/shell/platform/common/accessibility_bridge.cc(114)] Failed to update ui::AXTree, error: 149 will not be in the tree and is not the new root
[ERROR:flutter/shell/platform/common/accessibility_bridge.cc(114)] Failed to update ui::AXTree, error: 149 will not be in the tree and is not the new root
[ERROR:flutter/shell/platform/common/accessibility_bridge.cc(114)] Failed to update ui::AXTree, error: 149 will not be in the tree and is not the new root
[ERROR:flutter/shell/platform/common/accessibility_bridge.cc(114)] Failed to update ui::AXTree, error: 149 will not be in the tree and is not the new root
[ERROR:flutter/shell/platform/common/accessibility_bridge.cc(114)] Failed to update ui::AXTree, error: 149 will not be in the tree and is not the new root
[ERROR:flutter/shell/platform/common/accessibility_bridge.cc(114)] Failed to update ui::AXTree, error: 149 will not be in the tree and is not the new root
[ERROR:flutter/shell/platform/common/accessibility_bridge.cc(114)] Failed to update ui::AXTree, error: 149 will not be in the tree and is not the new root
[ERROR:flutter/shell/platform/common/accessibility_bridge.cc(114)] Failed to update ui::AXTree, error: 149 will not be in the tree and is not the new root
[ERROR:flutter/shell/platform/common/accessibility_bridge.cc(114)] Failed to update ui::AXTree, error: 149 will not be in the tree and is not the new root
[ERROR:flutter/shell/platform/common/accessibility_bridge.cc(114)] Failed to update ui::AXTree, error: 149 will not be in the tree and is not the new root
[ERROR:flutter/shell/platform/common/accessibility_bridge.cc(114)] Failed to update ui::AXTree, error: 149 will not be in the tree and is not the new root
[ERROR:flutter/shell/platform/common/accessibility_bridge.cc(114)] Failed to update ui::AXTree, error: 149 will not be in the tree and is not the new root
[ERROR:flutter/shell/platform/common/accessibility_bridge.cc(114)] Failed to update ui::AXTree, error: 149 will not be in the tree and is not the new root
[ERROR:flutter/shell/platform/common/accessibility_bridge.cc(65)] Failed to update ui::AXTree, error: 149 will not be in the tree and is not the new root
[ERROR:flutter/shell/platform/common/accessibility_bridge.cc(114)] Failed to update ui::AXTree, error: 149 will not be in the tree and is not the new root
[ERROR:flutter/shell/platform/common/accessibility_bridge.cc(65)] Failed to update ui::AXTree, error: 149 will not be in the tree and is not the new root
flutter_inappwebview_windows\windows\webview_environment\webview_environment_manager.cpp(121): dealloc WebViewEnvironmentManager
flutter_inappwebview_windows\windows\in_app_webview\in_app_webview_manager.cpp(255): dealloc InAppWebViewManager
flutter_inappwebview_windows\windows\in_app_browser\in_app_browser_manager.cpp(90): dealloc InAppBrowserManager
flutter_inappwebview_windows\windows\headless_in_app_webview\headless_in_app_webview_manager.cpp(143): dealloc HeadlessInAppWebViewManager
flutter_inappwebview_windows\windows\cookie_manager.cpp(556): dealloc CookieManager
flutter_inappwebview_windows\windows\platform_util.cpp(66): dealloc PlatformUtil
Lost connection to device.
