Flutter crash report.
Please report a bug at https://github.com/flutter/flutter/issues.

## command

flutter pub get

## exception

PathExistsException: PathExistsException: Cannot create link, path = 'C:\ITMAri\projects\MobileApps\church\windows\flutter\ephemeral\.plugin_symlinks\app_links' (OS Error: Cannot create a file when that file already exists.
, errno = 183)

```
#0      _Link.throwIfError (dart:io/link.dart:357:7)
#1      _Link.createSync (dart:io/link.dart:275:5)
#2      ForwardingLink.createSync (package:file/src/forwarding/forwarding_link.dart:20:16)
#3      ForwardingLink.createSync (package:file/src/forwarding/forwarding_link.dart:20:16)
#4      _createPlatformPluginSymlinks (package:flutter_tools/src/flutter_plugins.dart:1132:12)
#5      createPluginSymlinks (package:flutter_tools/src/flutter_plugins.dart:1048:5)
#6      refreshPluginsList (package:flutter_tools/src/flutter_plugins.dart:1189:5)
<asynchronous suspension>
#7      FlutterProject.ensureReadyForPlatformSpecificTooling (package:flutter_tools/src/project.dart:379:5)
<asynchronous suspension>
#8      PackagesGetCommand.runCommand (package:flutter_tools/src/commands/packages.dart:383:7)
<asynchronous suspension>
#9      FlutterCommand.run.<anonymous closure> (package:flutter_tools/src/runner/flutter_command.dart:1563:27)
<asynchronous suspension>
#10     AppContext.run.<anonymous closure> (package:flutter_tools/src/base/context.dart:154:19)
<asynchronous suspension>
#11     CommandRunner.runCommand (package:args/command_runner.dart:212:13)
<asynchronous suspension>
#12     FlutterCommandRunner.runCommand.<anonymous closure> (package:flutter_tools/src/runner/flutter_command_runner.dart:494:9)
<asynchronous suspension>
#13     AppContext.run.<anonymous closure> (package:flutter_tools/src/base/context.dart:154:19)
<asynchronous suspension>
#14     FlutterCommandRunner.runCommand (package:flutter_tools/src/runner/flutter_command_runner.dart:431:5)
<asynchronous suspension>
#15     run.<anonymous closure>.<anonymous closure> (package:flutter_tools/runner.dart:98:11)
<asynchronous suspension>
#16     AppContext.run.<anonymous closure> (package:flutter_tools/src/base/context.dart:154:19)
<asynchronous suspension>
#17     main (package:flutter_tools/executable.dart:102:3)
<asynchronous suspension>
```

## flutter doctor

```
[32m[✓][39m Flutter (Channel stable, 3.32.4, on Microsoft Windows [Version 10.0.26100.6584], locale en-ID) [3.0s]
    [32m•[39m Flutter version 3.32.4 on channel stable at C:\Users\ari\fvm\versions\3.32.4
    [32m•[39m Upstream repository https://github.com/flutter/flutter.git
    [32m•[39m Framework revision 6fba2447e9 (4 months ago), 2025-06-12 19:03:56 -0700
    [32m•[39m Engine revision 8cd19e509d
    [32m•[39m Dart version 3.8.1
    [32m•[39m DevTools version 2.45.1

[32m[✓][39m Windows Version (11 Home Single Language 64-bit, 24H2, 2009) [7.6s]

[32m[✓][39m Android toolchain - develop for Android devices (Android SDK version 34.0.0) [31.6s]
    [32m•[39m Android SDK at C:\android
    [32m•[39m Platform android-35, build-tools 34.0.0
    [32m•[39m ANDROID_HOME = C:\android
    [32m•[39m ANDROID_SDK_ROOT = C:\android
    [32m•[39m Java binary at: C:\java17\bin\java
      This JDK is specified by the JAVA_HOME environment variable.
      To manually set the JDK path, use: `flutter config --jdk-dir="path/to/jdk"`.
    [32m•[39m Java version Java(TM) SE Runtime Environment (build 17.0.12+8-LTS-286)
    [32m•[39m All Android licenses accepted.

[32m[✓][39m Chrome - develop for the web [1,604ms]
    [32m•[39m Chrome at C:\Program Files\Google\Chrome\Application\chrome.exe

[33m[!][39m Visual Studio - develop Windows apps (SQL Server Management Studio 21 21.4.12) [1,596ms]
    [32m•[39m Visual Studio at C:\Program Files\Microsoft SQL Server Management Studio 21\Release
    [32m•[39m SQL Server Management Studio 21 version 21.4.36408.4
    [31m✗[39m Visual Studio is missing necessary components. Please re-run the Visual Studio installer for the "Desktop
      development with C++" workload, and include these components:
        MSVC v142 - VS 2019 C++ x64/x86 build tools
         - If there are multiple build tool versions available, install the latest
        C++ CMake tools for Windows
        Windows 10 SDK

[33m[!][39m Android Studio (not installed) [104ms]
    [32m•[39m Android Studio not found; download from https://developer.android.com/studio/index.html
      (or visit https://flutter.dev/to/windows-android-setup for detailed instructions).

[32m[✓][39m VS Code (version 1.105.0) [102ms]
    [32m•[39m VS Code at C:\Users\ari\AppData\Local\Programs\Microsoft VS Code
    [32m•[39m Flutter extension version 3.120.0

[32m[✓][39m Connected device (4 available) [1,441ms]
    [32m•[39m G011A (mobile)    • 127.0.0.1:21503 • android-x64    • Android 9 (API 28)
    [32m•[39m Windows (desktop) • windows         • windows-x64    • Microsoft Windows [Version 10.0.26100.6584]
    [32m•[39m Chrome (web)      • chrome          • web-javascript • Google Chrome 141.0.7390.76
    [32m•[39m Edge (web)        • edge            • web-javascript • Microsoft Edge 141.0.3537.71

[32m[✓][39m Network resources [863ms]
    [32m•[39m All expected network resources are available.

[33m![39m Doctor found issues in 2 categories.
```
